2026-08-19 11:07:35,232 [INFO] [Pipeline] Interpréteur Python utilisé : C:\Users\user\AppData\Local\Programs\Python\Python311\python.exe
2026-08-19 11:07:42,302 [INFO] [Pipeline] ########## Démarrage du pipeline Aker Service — 19/08/2026 11:07 ##########
2026-08-19 11:07:42,302 [INFO] [Pipeline] === Agent 1 : Scraping ===
2026-08-19 11:07:42,304 [INFO] [Pipeline] ====== WebDriver manager ======
2026-08-19 11:07:46,906 [INFO] [Pipeline] Get LATEST chromedriver version for google-chrome
2026-08-19 11:07:50,227 [INFO] [Pipeline] Get LATEST chromedriver version for google-chrome
2026-08-19 11:07:52,495 [INFO] [Pipeline] WebDriver version 151.0.7922.138 selected
2026-08-19 11:07:52,501 [INFO] [Pipeline] Modern chrome version https://storage.googleapis.com/chrome-for-testing-public/151.0.7922.138/win64/chromedriver-win64.zip
2026-08-19 11:07:52,501 [INFO] [Pipeline] About to download new driver from https://storage.googleapis.com/chrome-for-testing-public/151.0.7922.138/win64/chromedriver-win64.zip
2026-08-19 11:07:53,633 [INFO] [Pipeline] Driver downloading response is 200
2026-08-19 11:08:31,876 [INFO] [Pipeline] Driver has been saved in cache [C:\Users\user\.wdm\drivers\chromedriver\win64\151.0.7922.138]
2026-08-19 11:08:34,130 [INFO] [Pipeline] Ouverture : https://www.tuneps.tn/portail/offres
2026-08-19 11:09:17,285 [INFO] [Pipeline]   Taille de page augmentée à 800 lignes/page.
2026-08-19 11:09:17,287 [INFO] [Pipeline]   Page 1...
2026-08-19 11:09:44,845 [INFO] [Pipeline]     800 lignes.
2026-08-19 11:09:44,858 [INFO] [Pipeline]     dont 709 encore actives.
2026-08-19 11:11:20,634 [INFO] [Pipeline]   Page 2...
2026-08-19 11:11:25,897 [INFO] [Pipeline]     18 lignes.
2026-08-19 11:11:25,897 [INFO] [Pipeline]     dont 18 encore actives.
2026-08-19 11:13:28,713 [INFO] [Pipeline]   Page 3...
2026-08-19 11:13:37,411 [INFO] [Pipeline]     1 lignes.
2026-08-19 11:13:37,411 [INFO] [Pipeline]     dont 1 encore actives.
2026-08-19 11:15:30,910 [INFO] [Pipeline]   Page 4...
2026-08-19 11:16:02,491 [INFO] [Pipeline]     800 lignes.
2026-08-19 11:16:02,499 [INFO] [Pipeline]     dont 4 encore actives.
2026-08-19 11:17:49,750 [INFO] [Pipeline]   Page 5...
2026-08-19 11:18:02,496 [INFO] [Pipeline]     276 lignes.
2026-08-19 11:18:02,496 [INFO] [Pipeline]     dont 276 encore actives.
2026-08-19 11:19:36,812 [INFO] [Pipeline]   Page 6...
2026-08-19 11:19:41,496 [INFO] [Pipeline]     10 lignes.
2026-08-19 11:19:41,496 [INFO] [Pipeline]     dont 10 encore actives.
2026-08-19 11:21:16,012 [INFO] [Pipeline]   Page 7...
2026-08-19 11:21:21,348 [INFO] [Pipeline]     16 lignes.
2026-08-19 11:21:21,348 [INFO] [Pipeline]     dont 16 encore actives.
2026-08-19 11:23:10,055 [INFO] [Pipeline]   Page 8...
2026-08-19 11:23:16,534 [INFO] [Pipeline]     6 lignes.
2026-08-19 11:23:16,534 [INFO] [Pipeline]     dont 6 encore actives.
2026-08-19 11:25:33,928 [INFO] [Pipeline]   Page 9...
2026-08-19 11:25:38,430 [INFO] [Pipeline]     6 lignes.
2026-08-19 11:25:38,430 [INFO] [Pipeline]     dont 6 encore actives.
2026-08-19 11:27:18,532 [INFO] [Pipeline]   Page 10...
2026-08-19 11:27:24,061 [INFO] [Pipeline]     9 lignes.
2026-08-19 11:27:24,061 [INFO] [Pipeline]     dont 9 encore actives.
2026-08-19 11:29:00,191 [INFO] [Pipeline]   Page 11...
2026-08-19 11:29:06,851 [INFO] [Pipeline]     12 lignes.
2026-08-19 11:29:06,851 [INFO] [Pipeline]     dont 12 encore actives.
2026-08-19 11:30:47,618 [INFO] [Pipeline]   Page 12...
2026-08-19 11:30:53,459 [INFO] [Pipeline]     8 lignes.
2026-08-19 11:30:53,459 [INFO] [Pipeline]     dont 8 encore actives.
2026-08-19 11:32:34,236 [INFO] [Pipeline]   Page 13...
2026-08-19 11:32:39,963 [INFO] [Pipeline]     44 lignes.
2026-08-19 11:32:39,963 [INFO] [Pipeline]     dont 44 encore actives.
2026-08-19 11:34:10,514 [INFO] [Pipeline]   Page 14...
2026-08-19 11:34:44,050 [INFO] [Pipeline]     800 lignes.
2026-08-19 11:34:44,069 [INFO] [Pipeline]     dont 0 encore actives.
2026-08-19 11:36:16,959 [INFO] [Pipeline]   Page 15...
2026-08-19 11:36:42,845 [INFO] [Pipeline]     800 lignes.
2026-08-19 11:36:42,861 [INFO] [Pipeline]     dont 0 encore actives.
2026-08-19 11:36:42,861 [INFO] [Pipeline]   Plus aucune offre active depuis 2 pages : arrêt anticipé (le reste est expiré).
2026-08-19 11:36:42,876 [INFO] [Pipeline] Sauvegardé : C:\Users\user\Desktop\Aker Service\app\data\raw_avis_ao.json (1119 lignes)
2026-08-19 11:36:42,876 [INFO] [Pipeline] Ouverture : https://www.tuneps.tn/portail/consultations
2026-08-19 11:36:50,268 [INFO] [Pipeline]   Taille de page augmentée à 800 lignes/page.
2026-08-19 11:36:50,268 [INFO] [Pipeline]   Page 1...
2026-08-19 11:37:15,777 [INFO] [Pipeline]     800 lignes.
2026-08-19 11:37:15,777 [INFO] [Pipeline]     dont 724 encore actives.
2026-08-19 11:38:45,393 [INFO] [Pipeline]   Page 2...
2026-08-19 11:38:50,989 [INFO] [Pipeline]     34 lignes.
2026-08-19 11:38:50,989 [INFO] [Pipeline]     dont 34 encore actives.
2026-08-19 11:40:19,403 [INFO] [Pipeline]   Page 3...
2026-08-19 11:40:24,051 [INFO] [Pipeline]     7 lignes.
2026-08-19 11:40:24,051 [INFO] [Pipeline]     dont 7 encore actives.
2026-08-19 11:41:51,170 [INFO] [Pipeline]   Page 4...
2026-08-19 11:41:56,287 [INFO] [Pipeline]     21 lignes.
2026-08-19 11:41:56,287 [INFO] [Pipeline]     dont 21 encore actives.
2026-08-19 11:43:26,795 [INFO] [Pipeline]   Page 5...
2026-08-19 11:43:33,053 [INFO] [Pipeline]     9 lignes.
2026-08-19 11:43:33,053 [INFO] [Pipeline]     dont 9 encore actives.
2026-08-19 11:45:02,116 [INFO] [Pipeline]   Page 6...
2026-08-19 11:45:07,046 [INFO] [Pipeline]     21 lignes.
2026-08-19 11:45:07,047 [INFO] [Pipeline]     dont 21 encore actives.
2026-08-19 11:46:38,477 [INFO] [Pipeline]   Page 7...
2026-08-19 11:46:43,828 [INFO] [Pipeline]     20 lignes.
2026-08-19 11:46:43,828 [INFO] [Pipeline]     dont 20 encore actives.
2026-08-19 11:48:14,397 [INFO] [Pipeline]   Page 8...
2026-08-19 11:48:20,502 [INFO] [Pipeline]     34 lignes.
2026-08-19 11:48:20,502 [INFO] [Pipeline]     dont 34 encore actives.
2026-08-19 11:49:48,768 [INFO] [Pipeline]   Page 9...
2026-08-19 11:49:53,942 [INFO] [Pipeline]     19 lignes.
2026-08-19 11:49:53,942 [INFO] [Pipeline]     dont 19 encore actives.
2026-08-19 11:51:23,827 [INFO] [Pipeline]   Page 10...
2026-08-19 11:51:28,531 [INFO] [Pipeline]     7 lignes.
2026-08-19 11:51:28,531 [INFO] [Pipeline]     dont 7 encore actives.
2026-08-19 11:52:58,387 [INFO] [Pipeline]   Page 11...
2026-08-19 11:53:03,569 [INFO] [Pipeline]     25 lignes.
2026-08-19 11:53:03,572 [INFO] [Pipeline]     dont 25 encore actives.
2026-08-19 11:54:38,826 [INFO] [Pipeline]   Page 12...
2026-08-19 11:54:44,196 [INFO] [Pipeline]     29 lignes.
2026-08-19 11:54:44,196 [INFO] [Pipeline]     dont 29 encore actives.
2026-08-19 11:56:18,651 [INFO] [Pipeline]   Page 13...
2026-08-19 11:56:24,109 [INFO] [Pipeline]     38 lignes.
2026-08-19 11:56:24,109 [INFO] [Pipeline]     dont 38 encore actives.
2026-08-19 11:57:55,692 [INFO] [Pipeline]   Page 14...
2026-08-19 11:58:00,588 [INFO] [Pipeline]     11 lignes.
2026-08-19 11:58:00,588 [INFO] [Pipeline]     dont 11 encore actives.
2026-08-19 11:59:38,712 [INFO] [Pipeline]   Page 15...
2026-08-19 11:59:44,205 [INFO] [Pipeline]     19 lignes.
2026-08-19 11:59:44,205 [INFO] [Pipeline]     dont 19 encore actives.
2026-08-19 12:01:15,858 [INFO] [Pipeline]   Page 16...
2026-08-19 12:01:21,526 [INFO] [Pipeline]     3 lignes.
2026-08-19 12:01:21,526 [INFO] [Pipeline]     dont 3 encore actives.
2026-08-19 12:02:52,797 [INFO] [Pipeline]   Page 17...
2026-08-19 12:02:57,779 [INFO] [Pipeline]     15 lignes.
2026-08-19 12:02:57,779 [INFO] [Pipeline]     dont 15 encore actives.
2026-08-19 12:04:29,322 [INFO] [Pipeline]   Page 18...
2026-08-19 12:04:34,914 [INFO] [Pipeline]     28 lignes.
2026-08-19 12:04:34,914 [INFO] [Pipeline]     dont 28 encore actives.
2026-08-19 12:06:16,239 [INFO] [Pipeline]   Page 19...
2026-08-19 12:06:20,957 [INFO] [Pipeline]     23 lignes.
2026-08-19 12:06:20,957 [INFO] [Pipeline]     dont 23 encore actives.
2026-08-19 12:07:47,912 [INFO] [Pipeline]   Page 20...
2026-08-19 12:07:53,377 [INFO] [Pipeline]     22 lignes.
2026-08-19 12:07:53,377 [INFO] [Pipeline]     dont 22 encore actives.
2026-08-19 12:09:19,669 [INFO] [Pipeline]   Page 21...
2026-08-19 12:09:25,021 [INFO] [Pipeline]     20 lignes.
2026-08-19 12:09:25,021 [INFO] [Pipeline]     dont 20 encore actives.
2026-08-19 12:10:53,696 [INFO] [Pipeline]   Page 22...
2026-08-19 12:10:59,028 [INFO] [Pipeline]     36 lignes.
2026-08-19 12:10:59,028 [INFO] [Pipeline]     dont 36 encore actives.
2026-08-19 12:12:26,073 [INFO] [Pipeline]   Page 23...
2026-08-19 12:12:31,815 [INFO] [Pipeline]     40 lignes.
2026-08-19 12:12:31,815 [INFO] [Pipeline]     dont 40 encore actives.
2026-08-19 12:14:12,039 [INFO] [Pipeline]   Page 24...
2026-08-19 12:14:17,678 [INFO] [Pipeline]     29 lignes.
2026-08-19 12:14:17,678 [INFO] [Pipeline]     dont 29 encore actives.
2026-08-19 12:15:47,785 [INFO] [Pipeline]   Page 25...
2026-08-19 12:15:53,256 [INFO] [Pipeline]     31 lignes.
2026-08-19 12:15:53,256 [INFO] [Pipeline]     dont 31 encore actives.
2026-08-19 12:17:22,809 [INFO] [Pipeline]   Page 26...
2026-08-19 12:17:28,180 [INFO] [Pipeline]     31 lignes.
2026-08-19 12:17:28,180 [INFO] [Pipeline]     dont 31 encore actives.
2026-08-19 12:18:57,013 [INFO] [Pipeline]   Page 27...
2026-08-19 12:19:03,180 [INFO] [Pipeline]     46 lignes.
2026-08-19 12:19:03,180 [INFO] [Pipeline]     dont 46 encore actives.
2026-08-19 12:20:35,309 [INFO] [Pipeline]   Page 28...
2026-08-19 12:20:40,656 [INFO] [Pipeline]     33 lignes.
2026-08-19 12:20:40,656 [INFO] [Pipeline]     dont 33 encore actives.
2026-08-19 12:22:09,606 [INFO] [Pipeline]   Page 29...
2026-08-19 12:22:15,211 [INFO] [Pipeline]     32 lignes.
2026-08-19 12:22:15,211 [INFO] [Pipeline]     dont 32 encore actives.
2026-08-19 12:23:46,489 [INFO] [Pipeline]   Page 30...
2026-08-19 12:23:51,764 [INFO] [Pipeline]     28 lignes.
2026-08-19 12:23:51,764 [INFO] [Pipeline]     dont 28 encore actives.
2026-08-19 12:25:24,775 [INFO] [Pipeline]   Page 31...
2026-08-19 12:25:29,370 [INFO] [Pipeline]     8 lignes.
2026-08-19 12:25:29,370 [INFO] [Pipeline]     dont 8 encore actives.
2026-08-19 12:26:59,339 [INFO] [Pipeline]   Page 32...
2026-08-19 12:27:04,213 [INFO] [Pipeline]     20 lignes.
2026-08-19 12:27:04,213 [INFO] [Pipeline]     dont 20 encore actives.
2026-08-19 12:28:54,131 [INFO] [Pipeline]   Page 33...
2026-08-19 12:29:00,944 [INFO] [Pipeline]     12 lignes.
2026-08-19 12:29:00,944 [INFO] [Pipeline]     dont 12 encore actives.
2026-08-19 12:32:49,268 [INFO] [Pipeline]   Page 34...
2026-08-19 12:32:56,630 [INFO] [Pipeline]     16 lignes.
2026-08-19 12:32:56,630 [INFO] [Pipeline]     dont 16 encore actives.
2026-08-19 12:35:09,171 [INFO] [Pipeline]   Page 35...
2026-08-19 12:35:09,830 [INFO] [Pipeline]     5 lignes.
2026-08-19 12:35:09,830 [INFO] [Pipeline]     dont 5 encore actives.
2026-08-19 12:35:27,392 [INFO] [Pipeline]   Page 36...
2026-08-19 12:35:28,515 [INFO] [Pipeline]     10 lignes.
2026-08-19 12:35:28,518 [INFO] [Pipeline]     dont 10 encore actives.
2026-08-19 12:35:47,709 [INFO] [Pipeline]   Page 37...
2026-08-19 12:35:48,649 [INFO] [Pipeline]     10 lignes.
2026-08-19 12:35:48,649 [INFO] [Pipeline]     dont 10 encore actives.
2026-08-19 12:36:05,096 [INFO] [Pipeline]   Page 38...
2026-08-19 12:36:06,246 [INFO] [Pipeline]     10 lignes.
2026-08-19 12:36:06,248 [INFO] [Pipeline]     dont 10 encore actives.
2026-08-19 12:36:23,066 [INFO] [Pipeline]   Page 39...
2026-08-19 12:36:23,404 [INFO] [Pipeline]     0 lignes.
2026-08-19 12:36:23,404 [INFO] [Pipeline]     dont 0 encore actives.
2026-08-19 12:36:40,711 [INFO] [Pipeline]   Page 40...
2026-08-19 12:36:41,239 [INFO] [Pipeline]     1 lignes.
2026-08-19 12:36:41,239 [INFO] [Pipeline]     dont 1 encore actives.
2026-08-19 12:36:57,566 [INFO] [Pipeline]   Page 41...
2026-08-19 12:36:58,754 [INFO] [Pipeline]     10 lignes.
2026-08-19 12:36:58,754 [INFO] [Pipeline]     dont 10 encore actives.
2026-08-19 12:37:16,881 [INFO] [Pipeline]   Page 42...
2026-08-19 12:37:17,805 [INFO] [Pipeline]     10 lignes.
2026-08-19 12:37:17,807 [INFO] [Pipeline]     dont 10 encore actives.
2026-08-19 12:37:32,423 [INFO] [Pipeline]   Page 43...
2026-08-19 12:37:32,695 [INFO] [Pipeline]     0 lignes.
2026-08-19 12:37:32,695 [INFO] [Pipeline]     dont 0 encore actives.
2026-08-19 12:37:49,272 [INFO] [Pipeline]   Page 44...
2026-08-19 12:37:50,275 [INFO] [Pipeline]     10 lignes.
2026-08-19 12:37:50,275 [INFO] [Pipeline]     dont 10 encore actives.
2026-08-19 12:38:06,229 [INFO] [Pipeline]   Page 45...
2026-08-19 12:38:06,535 [INFO] [Pipeline]     0 lignes.
2026-08-19 12:38:06,535 [INFO] [Pipeline]     dont 0 encore actives.
2026-08-19 12:38:24,817 [INFO] [Pipeline]   Page 46...
2026-08-19 12:38:25,696 [INFO] [Pipeline]     10 lignes.
2026-08-19 12:38:25,696 [INFO] [Pipeline]     dont 10 encore actives.
2026-08-19 12:38:41,233 [INFO] [Pipeline]   Page 47...
2026-08-19 12:38:41,686 [INFO] [Pipeline]     1 lignes.
2026-08-19 12:38:41,686 [INFO] [Pipeline]     dont 1 encore actives.
2026-08-19 12:38:57,110 [INFO] [Pipeline]   Page 48...
2026-08-19 12:38:57,417 [INFO] [Pipeline]     0 lignes.
2026-08-19 12:38:57,417 [INFO] [Pipeline]     dont 0 encore actives.
2026-08-19 12:39:12,947 [INFO] [Pipeline]   Page 49...
2026-08-19 12:39:13,372 [INFO] [Pipeline]     1 lignes.
2026-08-19 12:39:13,372 [INFO] [Pipeline]     dont 1 encore actives.
2026-08-19 12:39:27,544 [INFO] [Pipeline]   Page 50...
2026-08-19 12:39:27,948 [INFO] [Pipeline]     10 lignes.
2026-08-19 12:39:27,948 [INFO] [Pipeline]     dont 10 encore actives.
2026-08-19 12:39:37,005 [INFO] [Pipeline]   Page 51...
2026-08-19 12:39:37,436 [INFO] [Pipeline]     10 lignes.
2026-08-19 12:39:37,436 [INFO] [Pipeline]     dont 10 encore actives.
2026-08-19 12:39:43,963 [INFO] [Pipeline]   Page 52...
2026-08-19 12:39:44,291 [INFO] [Pipeline]     5 lignes.
2026-08-19 12:39:44,291 [INFO] [Pipeline]     dont 5 encore actives.
2026-08-19 12:39:50,848 [INFO] [Pipeline]   Page 53...
2026-08-19 12:39:51,074 [INFO] [Pipeline]     3 lignes.
2026-08-19 12:39:51,074 [INFO] [Pipeline]     dont 3 encore actives.
2026-08-19 12:39:59,597 [INFO] [Pipeline]   Page 54...
2026-08-19 12:39:59,979 [INFO] [Pipeline]     10 lignes.
2026-08-19 12:39:59,979 [INFO] [Pipeline]     dont 10 encore actives.
2026-08-19 12:40:06,746 [INFO] [Pipeline]   Page 55...
2026-08-19 12:40:07,214 [INFO] [Pipeline]     9 lignes.
2026-08-19 12:40:07,214 [INFO] [Pipeline]     dont 9 encore actives.
2026-08-19 12:40:13,963 [INFO] [Pipeline]   Page 56...
2026-08-19 12:40:14,402 [INFO] [Pipeline]     10 lignes.
2026-08-19 12:40:14,402 [INFO] [Pipeline]     dont 10 encore actives.
2026-08-19 12:40:23,130 [INFO] [Pipeline]   Page 57...
2026-08-19 12:40:24,078 [INFO] [Pipeline]     10 lignes.
2026-08-19 12:40:24,082 [INFO] [Pipeline]     dont 9 encore actives.
2026-08-19 12:40:39,692 [INFO] [Pipeline]   Page 58...
2026-08-19 12:40:40,018 [INFO] [Pipeline]     10 lignes.
2026-08-19 12:40:40,018 [INFO] [Pipeline]     dont 9 encore actives.
2026-08-19 12:40:48,027 [INFO] [Pipeline]   Page 59...
2026-08-19 12:40:48,456 [INFO] [Pipeline]     10 lignes.
2026-08-19 12:40:48,456 [INFO] [Pipeline]     dont 9 encore actives.
2026-08-19 12:40:54,994 [INFO] [Pipeline]   Page 60...
2026-08-19 12:40:55,447 [INFO] [Pipeline]     10 lignes.
2026-08-19 12:40:55,447 [INFO] [Pipeline]     dont 9 encore actives.
2026-08-19 12:41:02,490 [INFO] [Pipeline]   Page 61...
2026-08-19 12:41:02,945 [INFO] [Pipeline]     9 lignes.
2026-08-19 12:41:02,945 [INFO] [Pipeline]     dont 9 encore actives.
2026-08-19 12:41:09,718 [INFO] [Pipeline]   Page 62...
2026-08-19 12:41:10,077 [INFO] [Pipeline]     6 lignes.
2026-08-19 12:41:10,077 [INFO] [Pipeline]     dont 6 encore actives.
2026-08-19 12:41:16,844 [INFO] [Pipeline]   Page 63...
2026-08-19 12:41:17,240 [INFO] [Pipeline]     8 lignes.
2026-08-19 12:41:17,240 [INFO] [Pipeline]     dont 8 encore actives.
2026-08-19 12:41:24,147 [INFO] [Pipeline]   Page 64...
2026-08-19 12:41:24,513 [INFO] [Pipeline]     7 lignes.
2026-08-19 12:41:24,513 [INFO] [Pipeline]     dont 7 encore actives.
2026-08-19 12:41:31,069 [INFO] [Pipeline]   Page 65...
2026-08-19 12:41:31,338 [INFO] [Pipeline]     3 lignes.
2026-08-19 12:41:31,338 [INFO] [Pipeline]     dont 3 encore actives.
2026-08-19 12:41:37,915 [INFO] [Pipeline]   Page 66...
2026-08-19 12:41:38,188 [INFO] [Pipeline]     4 lignes.
2026-08-19 12:41:38,188 [INFO] [Pipeline]     dont 4 encore actives.
2026-08-19 12:41:44,949 [INFO] [Pipeline]   Page 67...
2026-08-19 12:41:45,204 [INFO] [Pipeline]     3 lignes.
2026-08-19 12:41:45,204 [INFO] [Pipeline]     dont 3 encore actives.
2026-08-19 12:41:51,614 [INFO] [Pipeline]   Page 68...
2026-08-19 12:41:52,048 [INFO] [Pipeline]     9 lignes.
2026-08-19 12:41:52,048 [INFO] [Pipeline]     dont 9 encore actives.
2026-08-19 12:42:00,595 [INFO] [Pipeline]   Page 69...
2026-08-19 12:42:01,176 [INFO] [Pipeline]     10 lignes.
2026-08-19 12:42:01,176 [INFO] [Pipeline]     dont 10 encore actives.
2026-08-19 12:42:07,917 [INFO] [Pipeline]   Page 70...
2026-08-19 12:42:08,190 [INFO] [Pipeline]     3 lignes.
2026-08-19 12:42:08,190 [INFO] [Pipeline]     dont 3 encore actives.
2026-08-19 12:42:14,569 [INFO] [Pipeline]   Page 71...
2026-08-19 12:42:14,870 [INFO] [Pipeline]     5 lignes.
2026-08-19 12:42:14,870 [INFO] [Pipeline]     dont 4 encore actives.
2026-08-19 12:42:28,812 [INFO] [Pipeline]   Page 72...
2026-08-19 12:42:29,088 [INFO] [Pipeline]     10 lignes.
2026-08-19 12:42:29,088 [INFO] [Pipeline]     dont 10 encore actives.
2026-08-19 12:42:41,859 [INFO] [Pipeline]   Page 73...
2026-08-19 12:42:42,260 [INFO] [Pipeline]     3 lignes.
2026-08-19 12:42:42,260 [INFO] [Pipeline]     dont 3 encore actives.
2026-08-19 12:42:55,585 [INFO] [Pipeline]   Page 74...
2026-08-19 12:42:56,005 [INFO] [Pipeline]     10 lignes.
2026-08-19 12:42:56,005 [INFO] [Pipeline]     dont 9 encore actives.
2026-08-19 12:43:02,364 [INFO] [Pipeline]   Page 75...
2026-08-19 12:43:02,779 [INFO] [Pipeline]     10 lignes.
2026-08-19 12:43:02,779 [INFO] [Pipeline]     dont 9 encore actives.
2026-08-19 12:43:09,173 [INFO] [Pipeline]   Page 76...
2026-08-19 12:43:09,483 [INFO] [Pipeline]     6 lignes.
2026-08-19 12:43:09,483 [INFO] [Pipeline]     dont 6 encore actives.
2026-08-19 12:43:15,840 [INFO] [Pipeline]   Page 77...
2026-08-19 12:43:16,085 [INFO] [Pipeline]     4 lignes.
2026-08-19 12:43:16,085 [INFO] [Pipeline]     dont 4 encore actives.
2026-08-19 12:43:22,667 [INFO] [Pipeline]   Page 78...
2026-08-19 12:43:23,096 [INFO] [Pipeline]     10 lignes.
2026-08-19 12:43:23,096 [INFO] [Pipeline]     dont 8 encore actives.
2026-08-19 12:43:29,085 [INFO] [Pipeline]   Page 79...
2026-08-19 12:43:29,352 [INFO] [Pipeline]     4 lignes.
2026-08-19 12:43:29,352 [INFO] [Pipeline]     dont 4 encore actives.
2026-08-19 12:43:35,473 [INFO] [Pipeline]   Page 80...
2026-08-19 12:43:35,621 [INFO] [Pipeline]     1 lignes.
2026-08-19 12:43:35,621 [INFO] [Pipeline]     dont 1 encore actives.
2026-08-19 12:43:43,395 [INFO] [Pipeline]   Page 81...
2026-08-19 12:43:43,795 [INFO] [Pipeline]     10 lignes.
2026-08-19 12:43:43,795 [INFO] [Pipeline]     dont 10 encore actives.
2026-08-19 12:43:52,545 [INFO] [Pipeline]   Page 82...
2026-08-19 12:43:52,680 [INFO] [Pipeline]     0 lignes.
2026-08-19 12:43:52,680 [INFO] [Pipeline]     dont 0 encore actives.
2026-08-19 12:43:59,013 [INFO] [Pipeline]   Page 83...
2026-08-19 12:43:59,329 [INFO] [Pipeline]     7 lignes.
2026-08-19 12:43:59,329 [INFO] [Pipeline]     dont 7 encore actives.
2026-08-19 12:44:05,585 [INFO] [Pipeline]   Page 84...
2026-08-19 12:44:05,948 [INFO] [Pipeline]     8 lignes.
2026-08-19 12:44:05,948 [INFO] [Pipeline]     dont 7 encore actives.
2026-08-19 12:44:13,915 [INFO] [Pipeline]   Page 85...
2026-08-19 12:44:14,327 [INFO] [Pipeline]     10 lignes.
2026-08-19 12:44:14,327 [INFO] [Pipeline]     dont 9 encore actives.
2026-08-19 12:44:22,640 [INFO] [Pipeline]   Page 86...
2026-08-19 12:44:23,000 [INFO] [Pipeline]     10 lignes.
2026-08-19 12:44:23,000 [INFO] [Pipeline]     dont 9 encore actives.
2026-08-19 12:44:30,650 [INFO] [Pipeline]   Page 87...
2026-08-19 12:44:31,034 [INFO] [Pipeline]     10 lignes.
2026-08-19 12:44:31,034 [INFO] [Pipeline]     dont 8 encore actives.
2026-08-19 12:44:37,306 [INFO] [Pipeline]   Page 88...
2026-08-19 12:44:37,451 [INFO] [Pipeline]     0 lignes.
2026-08-19 12:44:37,451 [INFO] [Pipeline]     dont 0 encore actives.
2026-08-19 12:44:45,946 [INFO] [Pipeline]   Page 89...
2026-08-19 12:44:46,479 [INFO] [Pipeline]     10 lignes.
2026-08-19 12:44:46,479 [INFO] [Pipeline]     dont 10 encore actives.
2026-08-19 12:44:52,079 [INFO] [Pipeline]   Page 90...
2026-08-19 12:44:52,328 [INFO] [Pipeline]     2 lignes.
2026-08-19 12:44:52,328 [INFO] [Pipeline]     dont 2 encore actives.
2026-08-19 12:45:00,245 [INFO] [Pipeline]   Page 91...
2026-08-19 12:45:00,615 [INFO] [Pipeline]     10 lignes.
2026-08-19 12:45:00,615 [INFO] [Pipeline]     dont 10 encore actives.
2026-08-19 12:45:06,852 [INFO] [Pipeline]   Page 92...
2026-08-19 12:45:07,164 [INFO] [Pipeline]     6 lignes.
2026-08-19 12:45:07,164 [INFO] [Pipeline]     dont 6 encore actives.
2026-08-19 12:45:14,841 [INFO] [Pipeline]   Page 93...
2026-08-19 12:45:15,242 [INFO] [Pipeline]     10 lignes.
2026-08-19 12:45:15,242 [INFO] [Pipeline]     dont 9 encore actives.
2026-08-19 12:45:21,244 [INFO] [Pipeline]   Page 94...
2026-08-19 12:45:21,665 [INFO] [Pipeline]     10 lignes.
2026-08-19 12:45:21,665 [INFO] [Pipeline]     dont 10 encore actives.
2026-08-19 12:45:29,877 [INFO] [Pipeline]   Page 95...
2026-08-19 12:45:30,282 [INFO] [Pipeline]     10 lignes.
2026-08-19 12:45:30,282 [INFO] [Pipeline]     dont 6 encore actives.
2026-08-19 12:45:38,386 [INFO] [Pipeline]   Page 96...
2026-08-19 12:45:38,786 [INFO] [Pipeline]     10 lignes.
2026-08-19 12:45:38,786 [INFO] [Pipeline]     dont 10 encore actives.
2026-08-19 12:45:46,848 [INFO] [Pipeline]   Page 97...
2026-08-19 12:45:47,162 [INFO] [Pipeline]     6 lignes.
2026-08-19 12:45:47,162 [INFO] [Pipeline]     dont 6 encore actives.
2026-08-19 12:45:56,215 [INFO] [Pipeline]   Page 98...
2026-08-19 12:45:56,615 [INFO] [Pipeline]     10 lignes.
2026-08-19 12:45:56,615 [INFO] [Pipeline]     dont 10 encore actives.
2026-08-19 12:46:02,658 [INFO] [Pipeline]   Page 99...
2026-08-19 12:46:02,991 [INFO] [Pipeline]     10 lignes.
2026-08-19 12:46:02,991 [INFO] [Pipeline]     dont 10 encore actives.
2026-08-19 12:46:12,484 [INFO] [Pipeline]   Page 100...
2026-08-19 12:46:12,870 [INFO] [Pipeline]     10 lignes.
2026-08-19 12:46:12,870 [INFO] [Pipeline]     dont 10 encore actives.
2026-08-19 12:46:19,202 [INFO] [Pipeline]   Page 101...
2026-08-19 12:46:19,498 [INFO] [Pipeline]     6 lignes.
2026-08-19 12:46:19,498 [INFO] [Pipeline]     dont 6 encore actives.
2026-08-19 12:46:25,742 [INFO] [Pipeline]   Page 102...
2026-08-19 12:46:25,981 [INFO] [Pipeline]     3 lignes.
2026-08-19 12:46:25,981 [INFO] [Pipeline]     dont 3 encore actives.
2026-08-19 12:46:32,440 [INFO] [Pipeline]   Page 103...
2026-08-19 12:46:32,630 [INFO] [Pipeline]     1 lignes.
2026-08-19 12:46:32,630 [INFO] [Pipeline]     dont 1 encore actives.
2026-08-19 12:46:38,857 [INFO] [Pipeline]   Page 104...
2026-08-19 12:46:39,276 [INFO] [Pipeline]     10 lignes.
2026-08-19 12:46:39,276 [INFO] [Pipeline]     dont 9 encore actives.
2026-08-19 12:46:47,635 [INFO] [Pipeline]   Page 105...
2026-08-19 12:46:47,775 [INFO] [Pipeline]     0 lignes.
2026-08-19 12:46:47,775 [INFO] [Pipeline]     dont 0 encore actives.
2026-08-19 12:46:55,875 [INFO] [Pipeline]   Page 106...
2026-08-19 12:46:56,289 [INFO] [Pipeline]     10 lignes.
2026-08-19 12:46:56,289 [INFO] [Pipeline]     dont 8 encore actives.
2026-08-19 12:47:02,262 [INFO] [Pipeline]   Page 107...
2026-08-19 12:47:02,486 [INFO] [Pipeline]     4 lignes.
2026-08-19 12:47:02,486 [INFO] [Pipeline]     dont 3 encore actives.
2026-08-19 12:47:08,449 [INFO] [Pipeline]   Page 108...
2026-08-19 12:47:08,859 [INFO] [Pipeline]     10 lignes.
2026-08-19 12:47:08,859 [INFO] [Pipeline]     dont 10 encore actives.
2026-08-19 12:47:17,406 [INFO] [Pipeline]   Page 109...
2026-08-19 12:47:17,841 [INFO] [Pipeline]     10 lignes.
2026-08-19 12:47:17,841 [INFO] [Pipeline]     dont 7 encore actives.
2026-08-19 12:47:23,930 [INFO] [Pipeline]   Page 110...
2026-08-19 12:47:24,342 [INFO] [Pipeline]     10 lignes.
2026-08-19 12:47:24,342 [INFO] [Pipeline]     dont 9 encore actives.
2026-08-19 12:47:31,143 [INFO] [Pipeline]   Page 111...
2026-08-19 12:47:31,273 [INFO] [Pipeline]     0 lignes.
2026-08-19 12:47:31,273 [INFO] [Pipeline]     dont 0 encore actives.
2026-08-19 12:47:37,416 [INFO] [Pipeline]   Page 112...
2026-08-19 12:47:37,656 [INFO] [Pipeline]     4 lignes.
2026-08-19 12:47:37,656 [INFO] [Pipeline]     dont 3 encore actives.
2026-08-19 12:47:45,373 [INFO] [Pipeline]   Page 113...
2026-08-19 12:47:45,499 [INFO] [Pipeline]     0 lignes.
2026-08-19 12:47:45,499 [INFO] [Pipeline]     dont 0 encore actives.
2026-08-19 12:47:53,215 [INFO] [Pipeline]   Page 114...
2026-08-19 12:47:53,579 [INFO] [Pipeline]     10 lignes.
2026-08-19 12:47:53,579 [INFO] [Pipeline]     dont 7 encore actives.
2026-08-19 12:48:01,465 [INFO] [Pipeline]   Page 115...
2026-08-19 12:48:01,806 [INFO] [Pipeline]     10 lignes.
2026-08-19 12:48:01,806 [INFO] [Pipeline]     dont 8 encore actives.
2026-08-19 12:48:09,638 [INFO] [Pipeline]   Page 116...
2026-08-19 12:48:10,041 [INFO] [Pipeline]     10 lignes.
2026-08-19 12:48:10,041 [INFO] [Pipeline]     dont 7 encore actives.
2026-08-19 12:48:16,035 [INFO] [Pipeline]   Page 117...
2026-08-19 12:48:16,272 [INFO] [Pipeline]     3 lignes.
2026-08-19 12:48:16,272 [INFO] [Pipeline]     dont 3 encore actives.
2026-08-19 12:48:24,338 [INFO] [Pipeline]   Page 118...
2026-08-19 12:48:24,737 [INFO] [Pipeline]     10 lignes.
2026-08-19 12:48:24,737 [INFO] [Pipeline]     dont 8 encore actives.
2026-08-19 12:48:33,344 [INFO] [Pipeline]   Page 119...
2026-08-19 12:48:33,740 [INFO] [Pipeline]     10 lignes.
2026-08-19 12:48:33,740 [INFO] [Pipeline]     dont 9 encore actives.
2026-08-19 12:48:39,840 [INFO] [Pipeline]   Page 120...
2026-08-19 12:48:40,003 [INFO] [Pipeline]     1 lignes.
2026-08-19 12:48:40,003 [INFO] [Pipeline]     dont 1 encore actives.
2026-08-19 12:48:46,225 [INFO] [Pipeline]   Page 121...
2026-08-19 12:48:46,388 [INFO] [Pipeline]     1 lignes.
2026-08-19 12:48:46,388 [INFO] [Pipeline]     dont 1 encore actives.
2026-08-19 12:48:54,126 [INFO] [Pipeline]   Page 122...
2026-08-19 12:48:54,357 [INFO] [Pipeline]     10 lignes.
2026-08-19 12:48:54,357 [INFO] [Pipeline]     dont 5 encore actives.
2026-08-19 12:49:00,716 [INFO] [Pipeline]   Page 123...
2026-08-19 12:49:00,947 [INFO] [Pipeline]     10 lignes.
2026-08-19 12:49:00,947 [INFO] [Pipeline]     dont 6 encore actives.
2026-08-19 12:49:07,238 [INFO] [Pipeline]   Page 124...
2026-08-19 12:49:07,489 [INFO] [Pipeline]     10 lignes.
2026-08-19 12:49:07,489 [INFO] [Pipeline]     dont 6 encore actives.
2026-08-19 12:49:12,265 [INFO] [Pipeline]   Page 125...
2026-08-19 12:49:12,407 [INFO] [Pipeline]     3 lignes.
2026-08-19 12:49:12,407 [INFO] [Pipeline]     dont 2 encore actives.
2026-08-19 12:49:17,328 [INFO] [Pipeline]   Page 126...
2026-08-19 12:49:17,507 [INFO] [Pipeline]     5 lignes.
2026-08-19 12:49:17,508 [INFO] [Pipeline]     dont 3 encore actives.
2026-08-19 12:49:22,400 [INFO] [Pipeline]   Page 127...
2026-08-19 12:49:22,642 [INFO] [Pipeline]     10 lignes.
2026-08-19 12:49:22,642 [INFO] [Pipeline]     dont 6 encore actives.
2026-08-19 12:49:27,811 [INFO] [Pipeline]   Page 128...
2026-08-19 12:49:27,990 [INFO] [Pipeline]     5 lignes.
2026-08-19 12:49:27,990 [INFO] [Pipeline]     dont 4 encore actives.
2026-08-19 12:49:32,908 [INFO] [Pipeline]   Page 129...
2026-08-19 12:49:33,161 [INFO] [Pipeline]     10 lignes.
2026-08-19 12:49:33,162 [INFO] [Pipeline]     dont 8 encore actives.
2026-08-19 12:49:38,033 [INFO] [Pipeline]   Page 130...
2026-08-19 12:49:38,154 [INFO] [Pipeline]     2 lignes.
2026-08-19 12:49:38,155 [INFO] [Pipeline]     dont 2 encore actives.
2026-08-19 12:49:45,755 [INFO] [Pipeline]   Page 131...
2026-08-19 12:49:45,841 [INFO] [Pipeline]     0 lignes.
2026-08-19 12:49:45,841 [INFO] [Pipeline]     dont 0 encore actives.
2026-08-19 12:49:51,701 [INFO] [Pipeline]   Page 132...
2026-08-19 12:49:51,858 [INFO] [Pipeline]     2 lignes.
2026-08-19 12:49:51,858 [INFO] [Pipeline]     dont 2 encore actives.
2026-08-19 12:49:57,873 [INFO] [Pipeline]   Page 133...
2026-08-19 12:49:58,102 [INFO] [Pipeline]     7 lignes.
2026-08-19 12:49:58,102 [INFO] [Pipeline]     dont 5 encore actives.
2026-08-19 12:50:03,265 [INFO] [Pipeline]   Page 134...
2026-08-19 12:50:03,413 [INFO] [Pipeline]     3 lignes.
2026-08-19 12:50:03,413 [INFO] [Pipeline]     dont 2 encore actives.
2026-08-19 12:50:10,080 [INFO] [Pipeline]   Page 135...
2026-08-19 12:50:10,312 [INFO] [Pipeline]     10 lignes.
2026-08-19 12:50:10,312 [INFO] [Pipeline]     dont 5 encore actives.
2026-08-19 12:50:15,180 [INFO] [Pipeline]   Page 136...
2026-08-19 12:50:15,331 [INFO] [Pipeline]     3 lignes.
2026-08-19 12:50:15,332 [INFO] [Pipeline]     dont 2 encore actives.
2026-08-19 12:50:20,753 [INFO] [Pipeline]   Page 137...
2026-08-19 12:50:21,013 [INFO] [Pipeline]     10 lignes.
2026-08-19 12:50:21,013 [INFO] [Pipeline]     dont 4 encore actives.
2026-08-19 12:50:28,071 [INFO] [Pipeline]   Page 138...
2026-08-19 12:50:28,310 [INFO] [Pipeline]     10 lignes.
2026-08-19 12:50:28,310 [INFO] [Pipeline]     dont 9 encore actives.
2026-08-19 12:50:35,386 [INFO] [Pipeline]   Page 139...
2026-08-19 12:50:35,612 [INFO] [Pipeline]     10 lignes.
2026-08-19 12:50:35,612 [INFO] [Pipeline]     dont 6 encore actives.
2026-08-19 12:50:42,060 [INFO] [Pipeline]   Page 140...
2026-08-19 12:50:42,329 [INFO] [Pipeline]     10 lignes.
2026-08-19 12:50:42,329 [INFO] [Pipeline]     dont 6 encore actives.
2026-08-19 12:50:48,354 [INFO] [Pipeline]   Page 141...
2026-08-19 12:50:48,694 [INFO] [Pipeline]     10 lignes.
2026-08-19 12:50:48,694 [INFO] [Pipeline]     dont 6 encore actives.
2026-08-19 12:50:54,942 [INFO] [Pipeline]   Page 142...
2026-08-19 12:50:55,121 [INFO] [Pipeline]     3 lignes.
2026-08-19 12:50:55,123 [INFO] [Pipeline]     dont 1 encore actives.
2026-08-19 12:51:03,424 [INFO] [Pipeline]   Page 143...
2026-08-19 12:51:03,677 [INFO] [Pipeline]     10 lignes.
2026-08-19 12:51:03,677 [INFO] [Pipeline]     dont 3 encore actives.
2026-08-19 12:51:10,575 [INFO] [Pipeline]   Page 144...
2026-08-19 12:51:10,818 [INFO] [Pipeline]     10 lignes.
2026-08-19 12:51:10,818 [INFO] [Pipeline]     dont 3 encore actives.
2026-08-19 12:51:17,465 [INFO] [Pipeline]   Page 145...
2026-08-19 12:51:17,716 [INFO] [Pipeline]     10 lignes.
2026-08-19 12:51:17,716 [INFO] [Pipeline]     dont 1 encore actives.
2026-08-19 12:51:23,077 [INFO] [Pipeline]   Page 146...
2026-08-19 12:51:23,337 [INFO] [Pipeline]     10 lignes.
2026-08-19 12:51:23,337 [INFO] [Pipeline]     dont 3 encore actives.
2026-08-19 12:51:29,116 [INFO] [Pipeline]   Page 147...
2026-08-19 12:51:29,239 [INFO] [Pipeline]     3 lignes.
2026-08-19 12:51:29,240 [INFO] [Pipeline]     dont 3 encore actives.
2026-08-19 12:51:34,937 [INFO] [Pipeline]   Page 148...
2026-08-19 12:51:35,066 [INFO] [Pipeline]     2 lignes.
2026-08-19 12:51:35,066 [INFO] [Pipeline]     dont 2 encore actives.
2026-08-19 12:51:40,712 [INFO] [Pipeline]   Page 149...
2026-08-19 12:51:40,802 [INFO] [Pipeline]     1 lignes.
2026-08-19 12:51:40,802 [INFO] [Pipeline]     dont 1 encore actives.
2026-08-19 12:51:48,076 [INFO] [Pipeline]   Page 150...
2026-08-19 12:51:48,320 [INFO] [Pipeline]     10 lignes.
2026-08-19 12:51:48,320 [INFO] [Pipeline]     dont 6 encore actives.
2026-08-19 12:51:53,361 [INFO] [Pipeline]   Page 151...
2026-08-19 12:51:53,502 [INFO] [Pipeline]     3 lignes.
2026-08-19 12:51:53,502 [INFO] [Pipeline]     dont 2 encore actives.
2026-08-19 12:52:00,791 [INFO] [Pipeline]   Page 152...
2026-08-19 12:52:01,047 [INFO] [Pipeline]     10 lignes.
2026-08-19 12:52:01,047 [INFO] [Pipeline]     dont 7 encore actives.
2026-08-19 12:52:07,415 [INFO] [Pipeline]   Page 153...
2026-08-19 12:52:07,653 [INFO] [Pipeline]     10 lignes.
2026-08-19 12:52:07,653 [INFO] [Pipeline]     dont 3 encore actives.
2026-08-19 12:52:12,438 [INFO] [Pipeline]   Page 154...
2026-08-19 12:52:12,692 [INFO] [Pipeline]     9 lignes.
2026-08-19 12:52:12,692 [INFO] [Pipeline]     dont 4 encore actives.
2026-08-19 12:52:19,231 [INFO] [Pipeline]   Page 155...
2026-08-19 12:52:19,465 [INFO] [Pipeline]     10 lignes.
2026-08-19 12:52:19,465 [INFO] [Pipeline]     dont 4 encore actives.
2026-08-19 12:52:25,774 [INFO] [Pipeline]   Page 156...
2026-08-19 12:52:26,005 [INFO] [Pipeline]     10 lignes.
2026-08-19 12:52:26,005 [INFO] [Pipeline]     dont 5 encore actives.
2026-08-19 12:52:32,270 [INFO] [Pipeline]   Page 157...
2026-08-19 12:52:32,505 [INFO] [Pipeline]     10 lignes.
2026-08-19 12:52:32,505 [INFO] [Pipeline]     dont 3 encore actives.
2026-08-19 12:52:39,326 [INFO] [Pipeline]   Page 158...
2026-08-19 12:52:39,556 [INFO] [Pipeline]     10 lignes.
2026-08-19 12:52:39,556 [INFO] [Pipeline]     dont 3 encore actives.
2026-08-19 12:52:45,921 [INFO] [Pipeline]   Page 159...
2026-08-19 12:52:46,148 [INFO] [Pipeline]     10 lignes.
2026-08-19 12:52:46,148 [INFO] [Pipeline]     dont 5 encore actives.
2026-08-19 12:52:52,432 [INFO] [Pipeline]   Page 160...
2026-08-19 12:52:52,652 [INFO] [Pipeline]     10 lignes.
2026-08-19 12:52:52,652 [INFO] [Pipeline]     dont 4 encore actives.
2026-08-19 12:52:59,030 [INFO] [Pipeline]   Page 161...
2026-08-19 12:52:59,257 [INFO] [Pipeline]     10 lignes.
2026-08-19 12:52:59,257 [INFO] [Pipeline]     dont 0 encore actives.
2026-08-19 12:53:03,992 [INFO] [Pipeline]   Page 162...
2026-08-19 12:53:04,237 [INFO] [Pipeline]     9 lignes.
2026-08-19 12:53:04,237 [INFO] [Pipeline]     dont 1 encore actives.
2026-08-19 12:53:09,152 [INFO] [Pipeline]   Page 163...
2026-08-19 12:53:09,416 [INFO] [Pipeline]     9 lignes.
2026-08-19 12:53:09,416 [INFO] [Pipeline]     dont 7 encore actives.
2026-08-19 12:53:14,402 [INFO] [Pipeline]   Page 164...
2026-08-19 12:53:14,643 [INFO] [Pipeline]     10 lignes.
2026-08-19 12:53:14,643 [INFO] [Pipeline]     dont 7 encore actives.
2026-08-19 12:53:21,357 [INFO] [Pipeline]   Page 165...
2026-08-19 12:53:21,583 [INFO] [Pipeline]     10 lignes.
2026-08-19 12:53:21,583 [INFO] [Pipeline]     dont 7 encore actives.
2026-08-19 12:53:26,358 [INFO] [Pipeline]   Page 166...
2026-08-19 12:53:26,561 [INFO] [Pipeline]     6 lignes.
2026-08-19 12:53:26,561 [INFO] [Pipeline]     dont 4 encore actives.
2026-08-19 12:53:31,427 [INFO] [Pipeline]   Page 167...
2026-08-19 12:53:31,671 [INFO] [Pipeline]     10 lignes.
2026-08-19 12:53:31,671 [INFO] [Pipeline]     dont 2 encore actives.
2026-08-19 12:53:37,102 [INFO] [Pipeline]   Page 168...
2026-08-19 12:53:37,195 [INFO] [Pipeline]     2 lignes.
2026-08-19 12:53:37,195 [INFO] [Pipeline]     dont 1 encore actives.
2026-08-19 12:53:43,954 [INFO] [Pipeline]   Page 169...
2026-08-19 12:53:44,191 [INFO] [Pipeline]     10 lignes.
2026-08-19 12:53:44,191 [INFO] [Pipeline]     dont 6 encore actives.
2026-08-19 12:53:50,457 [INFO] [Pipeline]   Page 170...
2026-08-19 12:53:50,685 [INFO] [Pipeline]     10 lignes.
2026-08-19 12:53:50,685 [INFO] [Pipeline]     dont 7 encore actives.
2026-08-19 12:53:55,484 [INFO] [Pipeline]   Page 171...
2026-08-19 12:53:55,613 [INFO] [Pipeline]     2 lignes.
2026-08-19 12:53:55,613 [INFO] [Pipeline]     dont 2 encore actives.
2026-08-19 12:54:00,509 [INFO] [Pipeline]   Page 172...
2026-08-19 12:54:00,748 [INFO] [Pipeline]     10 lignes.
2026-08-19 12:54:00,748 [INFO] [Pipeline]     dont 6 encore actives.
2026-08-19 12:54:05,769 [INFO] [Pipeline]   Page 173...
2026-08-19 12:54:05,937 [INFO] [Pipeline]     5 lignes.
2026-08-19 12:54:05,937 [INFO] [Pipeline]     dont 3 encore actives.
2026-08-19 12:54:11,131 [INFO] [Pipeline]   Page 174...
2026-08-19 12:54:11,339 [INFO] [Pipeline]     7 lignes.
2026-08-19 12:54:11,339 [INFO] [Pipeline]     dont 4 encore actives.
2026-08-19 12:54:16,635 [INFO] [Pipeline]   Page 175...
2026-08-19 12:54:16,770 [INFO] [Pipeline]     3 lignes.
2026-08-19 12:54:16,770 [INFO] [Pipeline]     dont 2 encore actives.
2026-08-19 12:54:21,992 [INFO] [Pipeline]   Page 176...
2026-08-19 12:54:22,088 [INFO] [Pipeline]     1 lignes.
2026-08-19 12:54:22,088 [INFO] [Pipeline]     dont 1 encore actives.
2026-08-19 12:54:27,169 [INFO] [Pipeline]   Page 177...
2026-08-19 12:54:27,420 [INFO] [Pipeline]     10 lignes.
2026-08-19 12:54:27,420 [INFO] [Pipeline]     dont 2 encore actives.
2026-08-19 12:54:32,924 [INFO] [Pipeline]   Page 178...
2026-08-19 12:54:33,166 [INFO] [Pipeline]     10 lignes.
2026-08-19 12:54:33,167 [INFO] [Pipeline]     dont 6 encore actives.
2026-08-19 12:54:38,398 [INFO] [Pipeline]   Page 179...
2026-08-19 12:54:38,650 [INFO] [Pipeline]     10 lignes.
2026-08-19 12:54:38,651 [INFO] [Pipeline]     dont 4 encore actives.
2026-08-19 12:54:44,388 [INFO] [Pipeline]   Page 180...
2026-08-19 12:54:44,607 [INFO] [Pipeline]     7 lignes.
2026-08-19 12:54:44,607 [INFO] [Pipeline]     dont 4 encore actives.
2026-08-19 12:54:51,785 [INFO] [Pipeline]   Page 181...
2026-08-19 12:54:52,019 [INFO] [Pipeline]     10 lignes.
2026-08-19 12:54:52,019 [INFO] [Pipeline]     dont 7 encore actives.
2026-08-19 12:54:56,821 [INFO] [Pipeline]   Page 182...
2026-08-19 12:54:56,944 [INFO] [Pipeline]     2 lignes.
2026-08-19 12:54:56,944 [INFO] [Pipeline]     dont 1 encore actives.
2026-08-19 12:55:01,858 [INFO] [Pipeline]   Page 183...
2026-08-19 12:55:02,111 [INFO] [Pipeline]     9 lignes.
2026-08-19 12:55:02,111 [INFO] [Pipeline]     dont 7 encore actives.
2026-08-19 12:55:08,616 [INFO] [Pipeline]   Page 184...
2026-08-19 12:55:08,844 [INFO] [Pipeline]     10 lignes.
2026-08-19 12:55:08,844 [INFO] [Pipeline]     dont 2 encore actives.
2026-08-19 12:55:15,398 [INFO] [Pipeline]   Page 185...
2026-08-19 12:55:15,639 [INFO] [Pipeline]     10 lignes.
2026-08-19 12:55:15,639 [INFO] [Pipeline]     dont 4 encore actives.
2026-08-19 12:55:20,441 [INFO] [Pipeline]   Page 186...
2026-08-19 12:55:20,591 [INFO] [Pipeline]     4 lignes.
2026-08-19 12:55:20,591 [INFO] [Pipeline]     dont 1 encore actives.
2026-08-19 12:55:27,818 [INFO] [Pipeline]   Page 187...
2026-08-19 12:55:28,044 [INFO] [Pipeline]     10 lignes.
2026-08-19 12:55:28,044 [INFO] [Pipeline]     dont 4 encore actives.
2026-08-19 12:55:32,836 [INFO] [Pipeline]   Page 188...
2026-08-19 12:55:32,997 [INFO] [Pipeline]     5 lignes.
2026-08-19 12:55:32,997 [INFO] [Pipeline]     dont 3 encore actives.
2026-08-19 12:55:37,976 [INFO] [Pipeline]   Page 189...
2026-08-19 12:55:38,140 [INFO] [Pipeline]     4 lignes.
2026-08-19 12:55:38,140 [INFO] [Pipeline]     dont 2 encore actives.
2026-08-19 12:55:44,279 [INFO] [Pipeline]   Page 190...
2026-08-19 12:55:44,526 [INFO] [Pipeline]     6 lignes.
2026-08-19 12:55:44,527 [INFO] [Pipeline]     dont 1 encore actives.
2026-08-19 12:55:52,954 [INFO] [Pipeline]   Page 191...
2026-08-19 12:55:53,208 [INFO] [Pipeline]     10 lignes.
2026-08-19 12:55:53,208 [INFO] [Pipeline]     dont 4 encore actives.
2026-08-19 12:55:59,536 [INFO] [Pipeline]   Page 192...
2026-08-19 12:56:00,043 [INFO] [Pipeline]     10 lignes.
2026-08-19 12:56:00,043 [INFO] [Pipeline]     dont 3 encore actives.
2026-08-19 12:56:09,076 [INFO] [Pipeline]   Page 193...
2026-08-19 12:56:09,414 [INFO] [Pipeline]     8 lignes.
2026-08-19 12:56:09,415 [INFO] [Pipeline]     dont 3 encore actives.
2026-08-19 12:56:18,792 [INFO] [Pipeline]   Page 194...
2026-08-19 12:56:19,218 [INFO] [Pipeline]     10 lignes.
2026-08-19 12:56:19,218 [INFO] [Pipeline]     dont 2 encore actives.
2026-08-19 12:56:25,466 [INFO] [Pipeline]   Page 195...
2026-08-19 12:56:25,605 [INFO] [Pipeline]     2 lignes.
2026-08-19 12:56:25,605 [INFO] [Pipeline]     dont 1 encore actives.
2026-08-19 12:56:34,445 [INFO] [Pipeline]   Page 196...
2026-08-19 12:56:34,936 [INFO] [Pipeline]     10 lignes.
2026-08-19 12:56:34,938 [INFO] [Pipeline]     dont 3 encore actives.
2026-08-19 12:56:43,965 [INFO] [Pipeline]   Page 197...
2026-08-19 12:56:44,280 [INFO] [Pipeline]     10 lignes.
2026-08-19 12:56:44,280 [INFO] [Pipeline]     dont 5 encore actives.
2026-08-19 12:56:50,313 [INFO] [Pipeline]   Page 198...
2026-08-19 12:56:50,702 [INFO] [Pipeline]     10 lignes.
2026-08-19 12:56:50,703 [INFO] [Pipeline]     dont 6 encore actives.
2026-08-19 12:56:59,748 [INFO] [Pipeline]   Page 199...
2026-08-19 12:57:00,286 [INFO] [Pipeline]     10 lignes.
2026-08-19 12:57:00,286 [INFO] [Pipeline]     dont 4 encore actives.
2026-08-19 12:57:12,348 [INFO] [Pipeline]   Page 200...
2026-08-19 12:57:12,487 [INFO] [Pipeline]     0 lignes.
2026-08-19 12:57:12,488 [INFO] [Pipeline]     dont 0 encore actives.
2026-08-19 12:57:23,748 [INFO] [Pipeline]   Page 201...
2026-08-19 12:57:23,982 [INFO] [Pipeline]     2 lignes.
2026-08-19 12:57:23,982 [INFO] [Pipeline]     dont 2 encore actives.
2026-08-19 12:57:34,889 [INFO] [Pipeline]   Page 202...
2026-08-19 12:57:35,082 [INFO] [Pipeline]     0 lignes.
2026-08-19 12:57:35,083 [INFO] [Pipeline]     dont 0 encore actives.
2026-08-19 12:57:46,077 [INFO] [Pipeline]   Page 203...
2026-08-19 12:57:46,277 [INFO] [Pipeline]     0 lignes.
2026-08-19 12:57:46,277 [INFO] [Pipeline]     dont 0 encore actives.
2026-08-19 12:57:57,271 [INFO] [Pipeline]   Page 204...
2026-08-19 12:57:57,590 [INFO] [Pipeline]     2 lignes.
2026-08-19 12:57:57,590 [INFO] [Pipeline]     dont 2 encore actives.
2026-08-19 12:58:10,285 [INFO] [Pipeline]   Page 205...
2026-08-19 12:58:10,832 [INFO] [Pipeline]     10 lignes.
2026-08-19 12:58:10,832 [INFO] [Pipeline]     dont 3 encore actives.
2026-08-19 12:58:21,451 [INFO] [Pipeline]   Page 206...
2026-08-19 12:58:22,026 [INFO] [Pipeline]     10 lignes.
2026-08-19 12:58:22,026 [INFO] [Pipeline]     dont 4 encore actives.
2026-08-19 12:58:32,547 [INFO] [Pipeline]   Page 207...
2026-08-19 12:58:32,885 [INFO] [Pipeline]     0 lignes.
2026-08-19 12:58:32,885 [INFO] [Pipeline]     dont 0 encore actives.
2026-08-19 12:58:43,399 [INFO] [Pipeline]   Page 208...
2026-08-19 12:58:44,059 [INFO] [Pipeline]     10 lignes.
2026-08-19 12:58:44,059 [INFO] [Pipeline]     dont 3 encore actives.
2026-08-19 12:58:55,365 [INFO] [Pipeline]   Page 209...
2026-08-19 12:58:55,881 [INFO] [Pipeline]     10 lignes.
2026-08-19 12:58:55,881 [INFO] [Pipeline]     dont 1 encore actives.
2026-08-19 12:59:05,831 [INFO] [Pipeline]   Page 210...
2026-08-19 12:59:06,190 [INFO] [Pipeline]     5 lignes.
2026-08-19 12:59:06,191 [INFO] [Pipeline]     dont 2 encore actives.
2026-08-19 12:59:16,096 [INFO] [Pipeline]   Page 211...
2026-08-19 12:59:16,298 [INFO] [Pipeline]     1 lignes.
2026-08-19 12:59:16,298 [INFO] [Pipeline]     dont 1 encore actives.
2026-08-19 12:59:26,091 [INFO] [Pipeline]   Page 212...
2026-08-19 12:59:26,330 [INFO] [Pipeline]     3 lignes.
2026-08-19 12:59:26,330 [INFO] [Pipeline]     dont 2 encore actives.
2026-08-19 12:59:36,738 [INFO] [Pipeline]   Page 213...
2026-08-19 12:59:37,192 [INFO] [Pipeline]     7 lignes.
2026-08-19 12:59:37,192 [INFO] [Pipeline]     dont 4 encore actives.
2026-08-19 12:59:48,758 [INFO] [Pipeline]   Page 214...
2026-08-19 12:59:49,220 [INFO] [Pipeline]     10 lignes.
2026-08-19 12:59:49,220 [INFO] [Pipeline]     dont 3 encore actives.
2026-08-19 12:59:59,056 [INFO] [Pipeline]   Page 215...
2026-08-19 12:59:59,545 [INFO] [Pipeline]     7 lignes.
2026-08-19 12:59:59,545 [INFO] [Pipeline]     dont 4 encore actives.
2026-08-19 13:00:09,649 [INFO] [Pipeline]   Page 216...
2026-08-19 13:00:10,017 [INFO] [Pipeline]     4 lignes.
2026-08-19 13:00:10,018 [INFO] [Pipeline]     dont 2 encore actives.
2026-08-19 13:00:20,219 [INFO] [Pipeline]   Page 217...
2026-08-19 13:00:20,452 [INFO] [Pipeline]     1 lignes.
2026-08-19 13:00:20,453 [INFO] [Pipeline]     dont 1 encore actives.
2026-08-19 13:00:30,452 [INFO] [Pipeline]   Page 218...
2026-08-19 13:00:30,649 [INFO] [Pipeline]     1 lignes.
2026-08-19 13:00:30,650 [INFO] [Pipeline]     dont 0 encore actives.
2026-08-19 13:00:40,562 [INFO] [Pipeline]   Page 219...
2026-08-19 13:00:40,973 [INFO] [Pipeline]     7 lignes.
2026-08-19 13:00:40,973 [INFO] [Pipeline]     dont 3 encore actives.
2026-08-19 13:00:50,700 [INFO] [Pipeline]   Page 220...
2026-08-19 13:00:50,904 [INFO] [Pipeline]     1 lignes.
2026-08-19 13:00:50,905 [INFO] [Pipeline]     dont 1 encore actives.
2026-08-19 13:01:01,049 [INFO] [Pipeline]   Page 221...
2026-08-19 13:01:01,259 [INFO] [Pipeline]     0 lignes.
2026-08-19 13:01:01,259 [INFO] [Pipeline]     dont 0 encore actives.
2026-08-19 13:01:11,595 [INFO] [Pipeline]   Page 222...
2026-08-19 13:01:12,136 [INFO] [Pipeline]     8 lignes.
2026-08-19 13:01:12,143 [INFO] [Pipeline]     dont 3 encore actives.
2026-08-19 13:01:22,487 [INFO] [Pipeline]   Page 223...
2026-08-19 13:01:22,892 [INFO] [Pipeline]     5 lignes.
2026-08-19 13:01:22,892 [INFO] [Pipeline]     dont 3 encore actives.
2026-08-19 13:01:33,143 [INFO] [Pipeline]   Page 224...
2026-08-19 13:01:33,764 [INFO] [Pipeline]     9 lignes.
2026-08-19 13:01:33,764 [INFO] [Pipeline]     dont 7 encore actives.
2026-08-19 13:01:45,444 [INFO] [Pipeline]   Page 225...
2026-08-19 13:01:45,907 [INFO] [Pipeline]     10 lignes.
2026-08-19 13:01:45,907 [INFO] [Pipeline]     dont 4 encore actives.
2026-08-19 13:01:56,071 [INFO] [Pipeline]   Page 226...
2026-08-19 13:01:56,593 [INFO] [Pipeline]     8 lignes.
2026-08-19 13:01:56,593 [INFO] [Pipeline]     dont 4 encore actives.
2026-08-19 13:02:06,995 [INFO] [Pipeline]   Page 227...
2026-08-19 13:02:07,387 [INFO] [Pipeline]     4 lignes.
2026-08-19 13:02:07,387 [INFO] [Pipeline]     dont 2 encore actives.
2026-08-19 13:02:17,472 [INFO] [Pipeline]   Page 228...
2026-08-19 13:02:17,905 [INFO] [Pipeline]     8 lignes.
2026-08-19 13:02:17,905 [INFO] [Pipeline]     dont 3 encore actives.
2026-08-19 13:02:27,335 [INFO] [Pipeline]   Page 229...
2026-08-19 13:02:27,515 [INFO] [Pipeline]     1 lignes.
2026-08-19 13:02:27,515 [INFO] [Pipeline]     dont 1 encore actives.
2026-08-19 13:02:38,129 [INFO] [Pipeline]   Page 230...
2026-08-19 13:02:38,431 [INFO] [Pipeline]     10 lignes.
2026-08-19 13:02:38,431 [INFO] [Pipeline]     dont 2 encore actives.
2026-08-19 13:02:45,743 [INFO] [Pipeline]   Page 231...
2026-08-19 13:02:46,050 [INFO] [Pipeline]     10 lignes.
2026-08-19 13:02:46,050 [INFO] [Pipeline]     dont 2 encore actives.
2026-08-19 13:02:55,995 [INFO] [Pipeline]   Page 232...
2026-08-19 13:02:56,432 [INFO] [Pipeline]     10 lignes.
2026-08-19 13:02:56,432 [INFO] [Pipeline]     dont 2 encore actives.
2026-08-19 13:03:06,217 [INFO] [Pipeline]   Page 233...
2026-08-19 13:03:06,562 [INFO] [Pipeline]     10 lignes.
2026-08-19 13:03:06,562 [INFO] [Pipeline]     dont 4 encore actives.
2026-08-19 13:03:12,548 [INFO] [Pipeline]   Page 234...
2026-08-19 13:03:12,657 [INFO] [Pipeline]     0 lignes.
2026-08-19 13:03:12,657 [INFO] [Pipeline]     dont 0 encore actives.
2026-08-19 13:03:20,839 [INFO] [Pipeline]   Page 235...
2026-08-19 13:03:21,158 [INFO] [Pipeline]     4 lignes.
2026-08-19 13:03:21,159 [INFO] [Pipeline]     dont 2 encore actives.
2026-08-19 13:03:31,202 [INFO] [Pipeline]   Page 236...
2026-08-19 13:03:31,554 [INFO] [Pipeline]     10 lignes.
2026-08-19 13:03:31,554 [INFO] [Pipeline]     dont 0 encore actives.
2026-08-19 13:03:40,314 [INFO] [Pipeline]   Page 237...
2026-08-19 13:03:40,609 [INFO] [Pipeline]     3 lignes.
2026-08-19 13:03:40,610 [INFO] [Pipeline]     dont 1 encore actives.
2026-08-19 13:03:49,544 [INFO] [Pipeline]   Page 238...
2026-08-19 13:03:49,657 [INFO] [Pipeline]     0 lignes.
2026-08-19 13:03:49,657 [INFO] [Pipeline]     dont 0 encore actives.
2026-08-19 13:03:57,455 [INFO] [Pipeline]   Page 239...
2026-08-19 13:03:57,824 [INFO] [Pipeline]     10 lignes.
2026-08-19 13:03:57,824 [INFO] [Pipeline]     dont 2 encore actives.
2026-08-19 13:04:05,672 [INFO] [Pipeline]   Page 240...
2026-08-19 13:04:05,916 [INFO] [Pipeline]     6 lignes.
2026-08-19 13:04:05,916 [INFO] [Pipeline]     dont 2 encore actives.
2026-08-19 13:04:15,383 [INFO] [Pipeline]   Page 241...
2026-08-19 13:04:15,704 [INFO] [Pipeline]     10 lignes.
2026-08-19 13:04:15,704 [INFO] [Pipeline]     dont 3 encore actives.
2026-08-19 13:04:22,256 [INFO] [Pipeline]   Page 242...
2026-08-19 13:04:22,614 [INFO] [Pipeline]     10 lignes.
2026-08-19 13:04:22,615 [INFO] [Pipeline]     dont 3 encore actives.
2026-08-19 13:04:30,113 [INFO] [Pipeline]   Page 243...
2026-08-19 13:04:30,316 [INFO] [Pipeline]     4 lignes.
2026-08-19 13:04:30,316 [INFO] [Pipeline]     dont 3 encore actives.
2026-08-19 13:04:38,007 [INFO] [Pipeline]   Page 244...
2026-08-19 13:04:38,387 [INFO] [Pipeline]     9 lignes.
2026-08-19 13:04:38,388 [INFO] [Pipeline]     dont 2 encore actives.
2026-08-19 13:04:45,806 [INFO] [Pipeline]   Page 245...
2026-08-19 13:04:45,956 [INFO] [Pipeline]     2 lignes.
2026-08-19 13:04:45,956 [INFO] [Pipeline]     dont 2 encore actives.
2026-08-19 13:04:52,981 [INFO] [Pipeline]   Page 246...
2026-08-19 13:04:53,121 [INFO] [Pipeline]     1 lignes.
2026-08-19 13:04:53,121 [INFO] [Pipeline]     dont 1 encore actives.
2026-08-19 13:05:00,752 [INFO] [Pipeline]   Page 247...
2026-08-19 13:05:00,976 [INFO] [Pipeline]     5 lignes.
2026-08-19 13:05:00,976 [INFO] [Pipeline]     dont 0 encore actives.
2026-08-19 13:05:10,159 [INFO] [Pipeline]   Page 248...
2026-08-19 13:05:10,469 [INFO] [Pipeline]     10 lignes.
2026-08-19 13:05:10,469 [INFO] [Pipeline]     dont 1 encore actives.
2026-08-19 13:05:17,327 [INFO] [Pipeline]   Page 249...
2026-08-19 13:05:17,649 [INFO] [Pipeline]     10 lignes.
2026-08-19 13:05:17,649 [INFO] [Pipeline]     dont 1 encore actives.
2026-08-19 13:05:25,157 [INFO] [Pipeline]   Page 250...
2026-08-19 13:05:25,266 [INFO] [Pipeline]     0 lignes.
2026-08-19 13:05:25,266 [INFO] [Pipeline]     dont 0 encore actives.
2026-08-19 13:05:32,520 [INFO] [Pipeline]   Page 251...
2026-08-19 13:05:32,827 [INFO] [Pipeline]     10 lignes.
2026-08-19 13:05:32,828 [INFO] [Pipeline]     dont 0 encore actives.
2026-08-19 13:05:40,155 [INFO] [Pipeline]   Page 252...
2026-08-19 13:05:40,343 [INFO] [Pipeline]     4 lignes.
2026-08-19 13:05:40,343 [INFO] [Pipeline]     dont 0 encore actives.
2026-08-19 13:05:40,343 [INFO] [Pipeline]   Plus aucune offre active depuis 2 pages : arrêt anticipé (le reste est expiré).
2026-08-19 13:05:40,422 [INFO] [Pipeline] Sauvegardé : C:\Users\user\Desktop\Aker Service\app\data\raw_shopping_mall.json (2423 lignes)
2026-08-19 13:05:42,611 [INFO] [Pipeline] Agent1Scraper terminé.
2026-08-19 13:05:42,663 [INFO] [Pipeline] Agent1 terminé : 1119 Avis A.O actifs, 2423 Shopping Mall actifs
2026-08-19 13:05:42,663 [INFO] [Pipeline] === Agent 2 : Nettoyage ===
2026-08-19 13:05:42,684 [INFO] [Pipeline] Chargé : C:\Users\user\Desktop\Aker Service\app\data\raw_avis_ao.json (1119 lignes brutes)
2026-08-19 13:05:42,836 [INFO] [Pipeline]   405 doublon(s) supprimé(s) sur la colonne 'numero_ao'.
2026-08-19 13:05:42,836 [INFO] [Pipeline] Avis A.O nettoyé : 714 lignes.
2026-08-19 13:05:42,876 [INFO] [Pipeline] Sauvegardé : C:\Users\user\Desktop\Aker Service\app\data\cleaned_avis_ao.json (714 lignes)
2026-08-19 13:05:42,896 [INFO] [Pipeline] Sauvegardé : C:\Users\user\Desktop\Aker Service\app\data\cleaned_avis_ao.csv (714 lignes)
2026-08-19 13:05:42,912 [INFO] [Pipeline] Chargé : C:\Users\user\Desktop\Aker Service\app\data\raw_shopping_mall.json (2423 lignes brutes)
2026-08-19 13:05:43,008 [INFO] [Pipeline]   1396 doublon(s) supprimé(s) sur la colonne 'numero_consultation'.
2026-08-19 13:05:43,008 [INFO] [Pipeline] Shopping Mall nettoyé : 1027 lignes.
2026-08-19 13:05:43,024 [INFO] [Pipeline] Sauvegardé : C:\Users\user\Desktop\Aker Service\app\data\cleaned_shopping_mall.json (1027 lignes)
2026-08-19 13:05:43,024 [INFO] [Pipeline] Sauvegardé : C:\Users\user\Desktop\Aker Service\app\data\cleaned_shopping_mall.csv (1027 lignes)
2026-08-19 13:05:43,024 [INFO] [Pipeline] Agent2Cleaner terminé.
2026-08-19 13:05:43,024 [INFO] [Pipeline] Agent2 terminé : 714 / 1027 lignes nettoyées
2026-08-19 13:05:43,024 [INFO] [Pipeline] === Agent 3 : Clustering (exécution du notebook) ===
2026-08-19 13:05:48,903 [ERROR] [Pipeline] Agent3 (notebook) a échoué :
[NbConvertApp] WARNING | pattern 'C:\\Users\\user\\Desktop\\Aker Service\\agents\\agent_kmeans.ipynb' matched no files

2026-08-19 13:05:48,903 [ERROR] [Pipeline] ########## Pipeline interrompu : Échec de l'exécution du notebook Agent3 ##########
