2026-08-17 11:05:45,716 [INFO] [Pipeline] Interpréteur Python utilisé : C:\Users\user\AppData\Local\Programs\Python\Python311\python.exe
2026-08-17 11:05:46,934 [INFO] [Pipeline] ########## Démarrage du pipeline Aker Service — 17/08/2026 11:05 ##########
2026-08-17 11:05:46,934 [INFO] [Pipeline] === Agent 1 : Scraping ===
2026-08-17 11:05:46,934 [INFO] [Pipeline] ====== WebDriver manager ======
2026-08-17 11:05:47,831 [INFO] [Pipeline] Driver [C:\Users\user\.wdm\drivers\chromedriver\win64\151.0.7922.138\chromedriver-win64/chromedriver.exe] found in cache by browser version
2026-08-17 11:05:49,223 [INFO] [Pipeline] Ouverture : https://www.tuneps.tn/portail/offres
2026-08-17 11:06:34,252 [WARNING] [Pipeline]   Timeout au chargement (tentative 1/3)...
2026-08-17 11:06:49,016 [INFO] [Pipeline]   Taille de page augmentée à 800 lignes/page.
2026-08-17 11:06:49,048 [INFO] [Pipeline]   Page 1...
2026-08-17 11:06:50,074 [INFO] [Pipeline]     10 lignes.
2026-08-17 11:06:50,078 [INFO] [Pipeline]     dont 10 encore actives.
2026-08-17 11:08:09,179 [INFO] [Pipeline]   Page 2...
2026-08-17 11:09:12,118 [INFO] [Pipeline]     800 lignes.
2026-08-17 11:09:12,148 [INFO] [Pipeline]     dont 80 encore actives.
2026-08-17 11:13:31,464 [INFO] [Pipeline]   Page 3...
2026-08-17 11:14:42,990 [INFO] [Pipeline]     800 lignes.
2026-08-17 11:14:43,009 [INFO] [Pipeline]     dont 13 encore actives.
2026-08-17 11:17:45,031 [INFO] [Pipeline]   Page 4...
2026-08-17 11:18:08,088 [INFO] [Pipeline]     800 lignes.
2026-08-17 11:18:08,088 [INFO] [Pipeline]     dont 790 encore actives.
2026-08-17 11:19:23,693 [INFO] [Pipeline]   Page 5...
2026-08-17 11:19:47,104 [INFO] [Pipeline]     800 lignes.
2026-08-17 11:19:47,104 [INFO] [Pipeline]     dont 791 encore actives.
2026-08-17 11:21:22,730 [INFO] [Pipeline]   Page 6...
2026-08-17 11:21:45,817 [INFO] [Pipeline]     800 lignes.
2026-08-17 11:21:45,817 [INFO] [Pipeline]     dont 792 encore actives.
2026-08-17 11:23:13,345 [INFO] [Pipeline]   Fin de la pagination (pas de bouton actif).
2026-08-17 11:23:13,424 [INFO] [Pipeline] Sauvegardé : C:\Users\user\Desktop\Aker Service\app\data\raw_avis_ao.json (2476 lignes)
2026-08-17 11:23:13,425 [INFO] [Pipeline] Ouverture : https://www.tuneps.tn/portail/consultations
2026-08-17 11:23:31,194 [INFO] [Pipeline]   Taille de page augmentée à 800 lignes/page.
2026-08-17 11:23:31,211 [INFO] [Pipeline]   Page 1...
2026-08-17 11:23:31,713 [INFO] [Pipeline]     10 lignes.
2026-08-17 11:23:31,714 [INFO] [Pipeline]     dont 10 encore actives.
2026-08-17 11:23:55,442 [INFO] [Pipeline]   Fin de la pagination (clic sans effet).
2026-08-17 11:23:55,447 [INFO] [Pipeline] Sauvegardé : C:\Users\user\Desktop\Aker Service\app\data\raw_shopping_mall.json (10 lignes)
2026-08-17 11:23:57,601 [INFO] [Pipeline] Agent1Scraper terminé.
2026-08-17 11:23:57,618 [INFO] [Pipeline] Agent1 terminé : 2476 Avis A.O actifs, 10 Shopping Mall actifs
2026-08-17 11:23:57,618 [INFO] [Pipeline] === Agent 2 : Nettoyage ===
2026-08-17 11:23:57,651 [INFO] [Pipeline] Chargé : C:\Users\user\Desktop\Aker Service\app\data\raw_avis_ao.json (2476 lignes brutes)
2026-08-17 11:23:57,767 [INFO] [Pipeline]   2372 doublon(s) supprimé(s) sur la colonne 'numero_ao'.
2026-08-17 11:23:57,767 [INFO] [Pipeline] Avis A.O nettoyé : 104 lignes.
2026-08-17 11:23:57,783 [INFO] [Pipeline] Sauvegardé : C:\Users\user\Desktop\Aker Service\app\data\cleaned_avis_ao.json (104 lignes)
2026-08-17 11:23:57,792 [INFO] [Pipeline] Sauvegardé : C:\Users\user\Desktop\Aker Service\app\data\cleaned_avis_ao.csv (104 lignes)
2026-08-17 11:23:57,801 [INFO] [Pipeline] Chargé : C:\Users\user\Desktop\Aker Service\app\data\raw_shopping_mall.json (10 lignes brutes)
2026-08-17 11:23:57,801 [INFO] [Pipeline] Shopping Mall nettoyé : 10 lignes.
2026-08-17 11:23:57,801 [INFO] [Pipeline] Sauvegardé : C:\Users\user\Desktop\Aker Service\app\data\cleaned_shopping_mall.json (10 lignes)
2026-08-17 11:23:57,801 [INFO] [Pipeline] Sauvegardé : C:\Users\user\Desktop\Aker Service\app\data\cleaned_shopping_mall.csv (10 lignes)
2026-08-17 11:23:57,801 [INFO] [Pipeline] Agent2Cleaner terminé.
2026-08-17 11:23:57,816 [INFO] [Pipeline] Agent2 terminé : 104 / 10 lignes nettoyées
2026-08-17 11:23:57,816 [INFO] [Pipeline] === Agent 3 : Clustering (exécution du notebook) ===
2026-08-17 11:23:58,017 [ERROR] [Pipeline] Agent3 (notebook) a échoué :
usage: jupyter.py [-h] [--version] [--config-dir] [--data-dir] [--runtime-dir]
                  [--paths] [--json] [--debug]
                  [subcommand]

Jupyter: Interactive Computing

positional arguments:
  subcommand     the subcommand to launch

options:
  -h, --help     show this help message and exit
  --version      show the versions of core jupyter packages and exit
  --config-dir   show Jupyter config dir
  --data-dir     show Jupyter data dir
  --runtime-dir  show Jupyter runtime dir
  --paths        show all Jupyter paths. Add --json for machine-readable
                 format.
  --json         output paths as machine-readable json
  --debug        output debug information about paths

Available subcommands:

Jupyter command `jupyter-nbconvert` not found.

2026-08-17 11:23:58,017 [ERROR] [Pipeline] ########## Pipeline interrompu : Échec de l'exécution du notebook Agent3 ##########
