2026-08-21 13:00:15,994 [INFO] [Pipeline] Interpréteur Python utilisé : C:\Users\user\AppData\Local\Programs\Python\Python311\python.exe
2026-08-21 13:00:17,701 [INFO] [Pipeline] ########## Démarrage du pipeline Aker Service — 21/08/2026 13:00 ##########
2026-08-21 13:00:17,701 [INFO] [Pipeline] === Agent 1 : Scraping ===
2026-08-21 13:00:17,701 [INFO] [Pipeline] ====== WebDriver manager ======
2026-08-21 13:00:18,747 [INFO] [Pipeline] Driver [C:\Users\user\.wdm\drivers\chromedriver\win64\151.0.7922.138\chromedriver-win64/chromedriver.exe] found in cache by browser version
2026-08-21 13:00:20,839 [INFO] [Pipeline] Ouverture : https://www.tuneps.tn/portail/offres
2026-08-21 13:00:36,929 [INFO] [Pipeline]   Page 1...
2026-08-21 13:00:37,443 [INFO] [Pipeline]     10 lignes.
2026-08-21 13:00:37,443 [INFO] [Pipeline]     dont 10 encore actives.
2026-08-21 13:00:45,729 [INFO] [Pipeline]   Page 2...
2026-08-21 13:00:46,142 [INFO] [Pipeline]     7 lignes.
2026-08-21 13:00:46,143 [INFO] [Pipeline]     dont 6 encore actives.
2026-08-21 13:00:54,361 [INFO] [Pipeline]   Page 3...
2026-08-21 13:00:54,794 [INFO] [Pipeline]     10 lignes.
2026-08-21 13:00:54,794 [INFO] [Pipeline]     dont 10 encore actives.
2026-08-21 13:01:02,302 [INFO] [Pipeline]   Page 4...
2026-08-21 13:01:02,792 [INFO] [Pipeline]     10 lignes.
2026-08-21 13:01:02,792 [INFO] [Pipeline]     dont 10 encore actives.
2026-08-21 13:01:10,809 [INFO] [Pipeline]   Page 5...
2026-08-21 13:01:11,002 [INFO] [Pipeline]     1 lignes.
2026-08-21 13:01:11,003 [INFO] [Pipeline]     dont 0 encore actives.
2026-08-21 13:01:18,604 [INFO] [Pipeline]   Page 6...
2026-08-21 13:01:19,092 [INFO] [Pipeline]     10 lignes.
2026-08-21 13:01:19,092 [INFO] [Pipeline]     dont 10 encore actives.
2026-08-21 13:01:27,526 [INFO] [Pipeline]   Page 7...
2026-08-21 13:01:28,023 [INFO] [Pipeline]     10 lignes.
2026-08-21 13:01:28,023 [INFO] [Pipeline]     dont 9 encore actives.
2026-08-21 13:01:36,919 [INFO] [Pipeline]   Page 8...
2026-08-21 13:01:37,398 [INFO] [Pipeline]     10 lignes.
2026-08-21 13:01:37,398 [INFO] [Pipeline]     dont 10 encore actives.
2026-08-21 13:01:44,259 [INFO] [Pipeline]   Page 9...
2026-08-21 13:01:44,508 [INFO] [Pipeline]     10 lignes.
2026-08-21 13:01:44,508 [INFO] [Pipeline]     dont 10 encore actives.
2026-08-21 13:01:49,674 [INFO] [Pipeline]   Page 10...
2026-08-21 13:01:49,925 [INFO] [Pipeline]     10 lignes.
2026-08-21 13:01:49,925 [INFO] [Pipeline]     dont 10 encore actives.
2026-08-21 13:01:54,962 [INFO] [Pipeline]   Page 11...
2026-08-21 13:01:55,208 [INFO] [Pipeline]     10 lignes.
2026-08-21 13:01:55,208 [INFO] [Pipeline]     dont 10 encore actives.
2026-08-21 13:02:00,275 [INFO] [Pipeline]   Page 12...
2026-08-21 13:02:00,532 [INFO] [Pipeline]     10 lignes.
2026-08-21 13:02:00,532 [INFO] [Pipeline]     dont 10 encore actives.
2026-08-21 13:02:05,636 [INFO] [Pipeline]   Page 13...
2026-08-21 13:02:05,926 [INFO] [Pipeline]     10 lignes.
2026-08-21 13:02:05,926 [INFO] [Pipeline]     dont 10 encore actives.
2026-08-21 13:02:11,523 [INFO] [Pipeline]   Page 14...
2026-08-21 13:02:11,779 [INFO] [Pipeline]     10 lignes.
2026-08-21 13:02:11,779 [INFO] [Pipeline]     dont 10 encore actives.
2026-08-21 13:02:17,781 [INFO] [Pipeline]   Page 15...
2026-08-21 13:02:18,038 [INFO] [Pipeline]     10 lignes.
2026-08-21 13:02:18,038 [INFO] [Pipeline]     dont 10 encore actives.
2026-08-21 13:02:24,134 [INFO] [Pipeline]   Page 16...
2026-08-21 13:02:24,390 [INFO] [Pipeline]     10 lignes.
2026-08-21 13:02:24,390 [INFO] [Pipeline]     dont 10 encore actives.
2026-08-21 13:02:29,545 [INFO] [Pipeline]   Page 17...
2026-08-21 13:02:29,806 [INFO] [Pipeline]     10 lignes.
2026-08-21 13:02:29,806 [INFO] [Pipeline]     dont 10 encore actives.
2026-08-21 13:02:35,243 [INFO] [Pipeline]   Page 18...
2026-08-21 13:02:35,544 [INFO] [Pipeline]     10 lignes.
2026-08-21 13:02:35,544 [INFO] [Pipeline]     dont 7 encore actives.
2026-08-21 13:02:42,167 [INFO] [Pipeline]   Page 19...
2026-08-21 13:02:42,424 [INFO] [Pipeline]     10 lignes.
2026-08-21 13:02:42,424 [INFO] [Pipeline]     dont 10 encore actives.
2026-08-21 13:02:47,743 [INFO] [Pipeline]   Page 20...
2026-08-21 13:02:48,017 [INFO] [Pipeline]     10 lignes.
2026-08-21 13:02:48,017 [INFO] [Pipeline]     dont 10 encore actives.
2026-08-21 13:02:53,875 [INFO] [Pipeline]   Page 21...
2026-08-21 13:02:54,174 [INFO] [Pipeline]     10 lignes.
2026-08-21 13:02:54,174 [INFO] [Pipeline]     dont 10 encore actives.
2026-08-21 13:03:00,249 [INFO] [Pipeline]   Page 22...
2026-08-21 13:03:00,524 [INFO] [Pipeline]     10 lignes.
2026-08-21 13:03:00,524 [INFO] [Pipeline]     dont 10 encore actives.
2026-08-21 13:03:07,294 [INFO] [Pipeline]   Page 23...
2026-08-21 13:03:07,556 [INFO] [Pipeline]     10 lignes.
2026-08-21 13:03:07,556 [INFO] [Pipeline]     dont 10 encore actives.
2026-08-21 13:03:13,053 [INFO] [Pipeline]   Page 24...
2026-08-21 13:03:13,307 [INFO] [Pipeline]     10 lignes.
2026-08-21 13:03:13,307 [INFO] [Pipeline]     dont 9 encore actives.
2026-08-21 13:03:18,836 [INFO] [Pipeline]   Page 25...
2026-08-21 13:03:19,085 [INFO] [Pipeline]     10 lignes.
2026-08-21 13:03:19,085 [INFO] [Pipeline]     dont 10 encore actives.
2026-08-21 13:03:25,062 [INFO] [Pipeline]   Page 26...
2026-08-21 13:03:25,340 [INFO] [Pipeline]     10 lignes.
2026-08-21 13:03:25,340 [INFO] [Pipeline]     dont 10 encore actives.
2026-08-21 13:03:31,961 [INFO] [Pipeline]   Page 27...
2026-08-21 13:03:32,207 [INFO] [Pipeline]     10 lignes.
2026-08-21 13:03:32,207 [INFO] [Pipeline]     dont 9 encore actives.
2026-08-21 13:03:37,620 [INFO] [Pipeline]   Page 28...
2026-08-21 13:03:37,897 [INFO] [Pipeline]     10 lignes.
2026-08-21 13:03:37,898 [INFO] [Pipeline]     dont 9 encore actives.
2026-08-21 13:03:43,450 [INFO] [Pipeline]   Page 29...
2026-08-21 13:03:43,706 [INFO] [Pipeline]     10 lignes.
2026-08-21 13:03:43,706 [INFO] [Pipeline]     dont 10 encore actives.
2026-08-21 13:03:49,015 [INFO] [Pipeline]   Page 30...
2026-08-21 13:03:49,273 [INFO] [Pipeline]     10 lignes.
2026-08-21 13:03:49,273 [INFO] [Pipeline]     dont 10 encore actives.
2026-08-21 13:03:55,108 [INFO] [Pipeline]   Page 31...
2026-08-21 13:03:55,439 [INFO] [Pipeline]     10 lignes.
2026-08-21 13:03:55,439 [INFO] [Pipeline]     dont 9 encore actives.
2026-08-21 13:04:01,220 [INFO] [Pipeline]   Page 32...
2026-08-21 13:04:01,493 [INFO] [Pipeline]     10 lignes.
2026-08-21 13:04:01,493 [INFO] [Pipeline]     dont 10 encore actives.
2026-08-21 13:04:08,442 [INFO] [Pipeline]   Page 33...
2026-08-21 13:04:08,704 [INFO] [Pipeline]     10 lignes.
2026-08-21 13:04:08,704 [INFO] [Pipeline]     dont 9 encore actives.
2026-08-21 13:04:14,282 [INFO] [Pipeline]   Page 34...
2026-08-21 13:04:14,539 [INFO] [Pipeline]     10 lignes.
2026-08-21 13:04:14,539 [INFO] [Pipeline]     dont 8 encore actives.
2026-08-21 13:04:19,675 [INFO] [Pipeline]   Page 35...
2026-08-21 13:04:19,922 [INFO] [Pipeline]     10 lignes.
2026-08-21 13:04:19,922 [INFO] [Pipeline]     dont 9 encore actives.
2026-08-21 13:04:25,902 [INFO] [Pipeline]   Page 36...
2026-08-21 13:04:26,146 [INFO] [Pipeline]     10 lignes.
2026-08-21 13:04:26,146 [INFO] [Pipeline]     dont 10 encore actives.
2026-08-21 13:04:31,286 [INFO] [Pipeline]   Page 37...
2026-08-21 13:04:31,558 [INFO] [Pipeline]     10 lignes.
2026-08-21 13:04:31,558 [INFO] [Pipeline]     dont 7 encore actives.
2026-08-21 13:04:37,120 [INFO] [Pipeline]   Page 38...
2026-08-21 13:04:37,252 [INFO] [Pipeline]     3 lignes.
2026-08-21 13:04:37,253 [INFO] [Pipeline]     dont 2 encore actives.
2026-08-21 13:04:43,746 [INFO] [Pipeline]   Page 39...
2026-08-21 13:04:44,005 [INFO] [Pipeline]     10 lignes.
2026-08-21 13:04:44,005 [INFO] [Pipeline]     dont 10 encore actives.
2026-08-21 13:04:50,299 [INFO] [Pipeline]   Page 40...
2026-08-21 13:04:50,555 [INFO] [Pipeline]     10 lignes.
2026-08-21 13:04:50,555 [INFO] [Pipeline]     dont 10 encore actives.
2026-08-21 13:04:56,065 [INFO] [Pipeline]   Page 41...
2026-08-21 13:04:56,320 [INFO] [Pipeline]     10 lignes.
2026-08-21 13:04:56,320 [INFO] [Pipeline]     dont 10 encore actives.
2026-08-21 13:05:01,407 [INFO] [Pipeline]   Page 42...
2026-08-21 13:05:01,670 [INFO] [Pipeline]     10 lignes.
2026-08-21 13:05:01,670 [INFO] [Pipeline]     dont 10 encore actives.
2026-08-21 13:05:08,046 [INFO] [Pipeline]   Page 43...
2026-08-21 13:05:08,307 [INFO] [Pipeline]     10 lignes.
2026-08-21 13:05:08,307 [INFO] [Pipeline]     dont 7 encore actives.
2026-08-21 13:05:13,355 [INFO] [Pipeline]   Page 44...
2026-08-21 13:05:13,620 [INFO] [Pipeline]     10 lignes.
2026-08-21 13:05:13,620 [INFO] [Pipeline]     dont 10 encore actives.
2026-08-21 13:05:18,857 [INFO] [Pipeline]   Page 45...
2026-08-21 13:05:19,098 [INFO] [Pipeline]     10 lignes.
2026-08-21 13:05:19,098 [INFO] [Pipeline]     dont 8 encore actives.
2026-08-21 13:05:24,453 [INFO] [Pipeline]   Page 46...
2026-08-21 13:05:24,704 [INFO] [Pipeline]     10 lignes.
2026-08-21 13:05:24,704 [INFO] [Pipeline]     dont 10 encore actives.
2026-08-21 13:05:31,109 [INFO] [Pipeline]   Page 47...
2026-08-21 13:05:31,355 [INFO] [Pipeline]     10 lignes.
2026-08-21 13:05:31,355 [INFO] [Pipeline]     dont 7 encore actives.
2026-08-21 13:05:36,381 [INFO] [Pipeline]   Page 48...
2026-08-21 13:05:36,641 [INFO] [Pipeline]     10 lignes.
2026-08-21 13:05:36,641 [INFO] [Pipeline]     dont 9 encore actives.
2026-08-21 13:05:41,833 [INFO] [Pipeline]   Page 49...
2026-08-21 13:05:42,114 [INFO] [Pipeline]     10 lignes.
2026-08-21 13:05:42,114 [INFO] [Pipeline]     dont 10 encore actives.
2026-08-21 13:05:47,608 [INFO] [Pipeline]   Page 50...
2026-08-21 13:05:47,881 [INFO] [Pipeline]     10 lignes.
2026-08-21 13:05:47,881 [INFO] [Pipeline]     dont 10 encore actives.
2026-08-21 13:05:53,202 [INFO] [Pipeline]   Page 51...
2026-08-21 13:05:53,454 [INFO] [Pipeline]     10 lignes.
2026-08-21 13:05:53,454 [INFO] [Pipeline]     dont 9 encore actives.
2026-08-21 13:05:58,737 [INFO] [Pipeline]   Page 52...
2026-08-21 13:05:58,997 [INFO] [Pipeline]     10 lignes.
2026-08-21 13:05:58,997 [INFO] [Pipeline]     dont 6 encore actives.
2026-08-21 13:06:04,284 [INFO] [Pipeline]   Page 53...
2026-08-21 13:06:04,552 [INFO] [Pipeline]     10 lignes.
2026-08-21 13:06:04,553 [INFO] [Pipeline]     dont 8 encore actives.
2026-08-21 13:06:09,853 [INFO] [Pipeline]   Page 54...
2026-08-21 13:06:10,141 [INFO] [Pipeline]     10 lignes.
2026-08-21 13:06:10,141 [INFO] [Pipeline]     dont 9 encore actives.
2026-08-21 13:06:15,426 [INFO] [Pipeline]   Page 55...
2026-08-21 13:06:15,688 [INFO] [Pipeline]     10 lignes.
2026-08-21 13:06:15,688 [INFO] [Pipeline]     dont 9 encore actives.
2026-08-21 13:06:21,019 [INFO] [Pipeline]   Page 56...
2026-08-21 13:06:21,200 [INFO] [Pipeline]     5 lignes.
2026-08-21 13:06:21,200 [INFO] [Pipeline]     dont 4 encore actives.
2026-08-21 13:06:27,246 [INFO] [Pipeline]   Page 57...
2026-08-21 13:06:27,503 [INFO] [Pipeline]     10 lignes.
2026-08-21 13:06:27,503 [INFO] [Pipeline]     dont 6 encore actives.
2026-08-21 13:06:32,951 [INFO] [Pipeline]   Page 58...
2026-08-21 13:06:33,203 [INFO] [Pipeline]     10 lignes.
2026-08-21 13:06:33,204 [INFO] [Pipeline]     dont 8 encore actives.
2026-08-21 13:06:38,485 [INFO] [Pipeline]   Page 59...
2026-08-21 13:06:38,737 [INFO] [Pipeline]     10 lignes.
2026-08-21 13:06:38,737 [INFO] [Pipeline]     dont 10 encore actives.
2026-08-21 13:06:43,984 [INFO] [Pipeline]   Page 60...
2026-08-21 13:06:44,237 [INFO] [Pipeline]     10 lignes.
2026-08-21 13:06:44,237 [INFO] [Pipeline]     dont 7 encore actives.
2026-08-21 13:06:49,529 [INFO] [Pipeline]   Page 61...
2026-08-21 13:06:49,786 [INFO] [Pipeline]     10 lignes.
2026-08-21 13:06:49,786 [INFO] [Pipeline]     dont 10 encore actives.
2026-08-21 13:06:56,062 [INFO] [Pipeline]   Page 62...
2026-08-21 13:06:56,323 [INFO] [Pipeline]     10 lignes.
2026-08-21 13:06:56,323 [INFO] [Pipeline]     dont 9 encore actives.
2026-08-21 13:07:01,529 [INFO] [Pipeline]   Page 63...
2026-08-21 13:07:01,820 [INFO] [Pipeline]     10 lignes.
2026-08-21 13:07:01,820 [INFO] [Pipeline]     dont 9 encore actives.
2026-08-21 13:07:07,147 [INFO] [Pipeline]   Page 64...
2026-08-21 13:07:07,422 [INFO] [Pipeline]     10 lignes.
2026-08-21 13:07:07,422 [INFO] [Pipeline]     dont 9 encore actives.
2026-08-21 13:07:13,278 [INFO] [Pipeline]   Page 65...
2026-08-21 13:07:13,536 [INFO] [Pipeline]     10 lignes.
2026-08-21 13:07:13,536 [INFO] [Pipeline]     dont 9 encore actives.
2026-08-21 13:07:19,780 [INFO] [Pipeline]   Page 66...
2026-08-21 13:07:20,033 [INFO] [Pipeline]     10 lignes.
2026-08-21 13:07:20,033 [INFO] [Pipeline]     dont 9 encore actives.
2026-08-21 13:07:25,116 [INFO] [Pipeline]   Page 67...
2026-08-21 13:07:25,369 [INFO] [Pipeline]     10 lignes.
2026-08-21 13:07:25,369 [INFO] [Pipeline]     dont 9 encore actives.
2026-08-21 13:07:30,700 [INFO] [Pipeline]   Page 68...
2026-08-21 13:07:30,952 [INFO] [Pipeline]     10 lignes.
2026-08-21 13:07:30,952 [INFO] [Pipeline]     dont 8 encore actives.
2026-08-21 13:07:36,357 [INFO] [Pipeline]   Page 69...
2026-08-21 13:07:36,619 [INFO] [Pipeline]     10 lignes.
2026-08-21 13:07:36,619 [INFO] [Pipeline]     dont 9 encore actives.
2026-08-21 13:07:41,863 [INFO] [Pipeline]   Page 70...
2026-08-21 13:07:42,112 [INFO] [Pipeline]     10 lignes.
2026-08-21 13:07:42,112 [INFO] [Pipeline]     dont 7 encore actives.
2026-08-21 13:07:47,434 [INFO] [Pipeline]   Page 71...
2026-08-21 13:07:47,685 [INFO] [Pipeline]     10 lignes.
2026-08-21 13:07:47,685 [INFO] [Pipeline]     dont 9 encore actives.
2026-08-21 13:07:52,922 [INFO] [Pipeline]   Page 72...
2026-08-21 13:07:53,201 [INFO] [Pipeline]     10 lignes.
2026-08-21 13:07:53,201 [INFO] [Pipeline]     dont 7 encore actives.
2026-08-21 13:07:58,515 [INFO] [Pipeline]   Page 73...
2026-08-21 13:07:58,807 [INFO] [Pipeline]     10 lignes.
2026-08-21 13:07:58,807 [INFO] [Pipeline]     dont 7 encore actives.
2026-08-21 13:08:04,007 [INFO] [Pipeline]   Page 74...
2026-08-21 13:08:04,252 [INFO] [Pipeline]     10 lignes.
2026-08-21 13:08:04,252 [INFO] [Pipeline]     dont 3 encore actives.
2026-08-21 13:08:10,645 [INFO] [Pipeline]   Page 75...
2026-08-21 13:08:10,901 [INFO] [Pipeline]     10 lignes.
2026-08-21 13:08:10,901 [INFO] [Pipeline]     dont 6 encore actives.
2026-08-21 13:08:15,913 [INFO] [Pipeline]   Page 76...
2026-08-21 13:08:16,160 [INFO] [Pipeline]     10 lignes.
2026-08-21 13:08:16,160 [INFO] [Pipeline]     dont 5 encore actives.
2026-08-21 13:08:21,956 [INFO] [Pipeline]   Page 77...
2026-08-21 13:08:22,201 [INFO] [Pipeline]     10 lignes.
2026-08-21 13:08:22,201 [INFO] [Pipeline]     dont 4 encore actives.
2026-08-21 13:08:27,267 [INFO] [Pipeline]   Page 78...
2026-08-21 13:08:27,534 [INFO] [Pipeline]     10 lignes.
2026-08-21 13:08:27,534 [INFO] [Pipeline]     dont 4 encore actives.
2026-08-21 13:08:32,943 [INFO] [Pipeline]   Page 79...
2026-08-21 13:08:33,234 [INFO] [Pipeline]     10 lignes.
2026-08-21 13:08:33,234 [INFO] [Pipeline]     dont 3 encore actives.
2026-08-21 13:08:38,501 [INFO] [Pipeline]   Page 80...
2026-08-21 13:08:38,751 [INFO] [Pipeline]     10 lignes.
2026-08-21 13:08:38,751 [INFO] [Pipeline]     dont 5 encore actives.
2026-08-21 13:08:44,738 [INFO] [Pipeline]   Page 81...
2026-08-21 13:08:44,999 [INFO] [Pipeline]     10 lignes.
2026-08-21 13:08:44,999 [INFO] [Pipeline]     dont 0 encore actives.
2026-08-21 13:08:51,018 [INFO] [Pipeline]   Page 82...
2026-08-21 13:08:51,268 [INFO] [Pipeline]     10 lignes.
2026-08-21 13:08:51,268 [INFO] [Pipeline]     dont 1 encore actives.
2026-08-21 13:08:58,387 [INFO] [Pipeline]   Page 83...
2026-08-21 13:08:58,650 [INFO] [Pipeline]     10 lignes.
2026-08-21 13:08:58,650 [INFO] [Pipeline]     dont 3 encore actives.
2026-08-21 13:09:03,680 [INFO] [Pipeline]   Page 84...
2026-08-21 13:09:03,934 [INFO] [Pipeline]     10 lignes.
2026-08-21 13:09:03,934 [INFO] [Pipeline]     dont 1 encore actives.
2026-08-21 13:09:09,051 [INFO] [Pipeline]   Page 85...
2026-08-21 13:09:09,301 [INFO] [Pipeline]     10 lignes.
2026-08-21 13:09:09,301 [INFO] [Pipeline]     dont 3 encore actives.
2026-08-21 13:09:14,905 [INFO] [Pipeline]   Page 86...
2026-08-21 13:09:15,141 [INFO] [Pipeline]     10 lignes.
2026-08-21 13:09:15,141 [INFO] [Pipeline]     dont 3 encore actives.
2026-08-21 13:09:20,589 [INFO] [Pipeline]   Page 87...
2026-08-21 13:09:20,849 [INFO] [Pipeline]     10 lignes.
2026-08-21 13:09:20,849 [INFO] [Pipeline]     dont 3 encore actives.
2026-08-21 13:09:26,078 [INFO] [Pipeline]   Page 88...
2026-08-21 13:09:26,334 [INFO] [Pipeline]     10 lignes.
2026-08-21 13:09:26,334 [INFO] [Pipeline]     dont 1 encore actives.
2026-08-21 13:09:31,607 [INFO] [Pipeline]   Page 89...
2026-08-21 13:09:31,867 [INFO] [Pipeline]     10 lignes.
2026-08-21 13:09:31,867 [INFO] [Pipeline]     dont 3 encore actives.
2026-08-21 13:09:37,045 [INFO] [Pipeline]   Page 90...
2026-08-21 13:09:37,300 [INFO] [Pipeline]     10 lignes.
2026-08-21 13:09:37,300 [INFO] [Pipeline]     dont 0 encore actives.
2026-08-21 13:09:43,607 [INFO] [Pipeline]   Page 91...
2026-08-21 13:09:43,866 [INFO] [Pipeline]     10 lignes.
2026-08-21 13:09:43,866 [INFO] [Pipeline]     dont 1 encore actives.
2026-08-21 13:09:48,890 [INFO] [Pipeline]   Page 92...
2026-08-21 13:09:49,138 [INFO] [Pipeline]     10 lignes.
2026-08-21 13:09:49,138 [INFO] [Pipeline]     dont 1 encore actives.
2026-08-21 13:09:54,445 [INFO] [Pipeline]   Page 93...
2026-08-21 13:09:54,711 [INFO] [Pipeline]     10 lignes.
2026-08-21 13:09:54,711 [INFO] [Pipeline]     dont 2 encore actives.
2026-08-21 13:10:00,038 [INFO] [Pipeline]   Page 94...
2026-08-21 13:10:00,283 [INFO] [Pipeline]     10 lignes.
2026-08-21 13:10:00,283 [INFO] [Pipeline]     dont 0 encore actives.
2026-08-21 13:10:05,583 [INFO] [Pipeline]   Page 95...
2026-08-21 13:10:05,833 [INFO] [Pipeline]     10 lignes.
2026-08-21 13:10:05,833 [INFO] [Pipeline]     dont 0 encore actives.
2026-08-21 13:10:05,833 [INFO] [Pipeline]   Plus aucune offre active depuis 2 pages : arrêt anticipé (le reste est expiré).
2026-08-21 13:10:05,849 [INFO] [Pipeline] Sauvegardé : C:\Users\user\Desktop\Aker Service\app\data\raw_avis_ao.json (693 lignes)
2026-08-21 13:10:05,849 [INFO] [Pipeline] Ouverture : https://www.tuneps.tn/portail/consultations
2026-08-21 13:10:12,599 [INFO] [Pipeline]   Taille de page augmentée à 100 lignes/page.
2026-08-21 13:10:12,599 [INFO] [Pipeline]   Page 1...
2026-08-21 13:10:15,157 [INFO] [Pipeline]     100 lignes.
2026-08-21 13:10:15,159 [INFO] [Pipeline]     dont 96 encore actives.
2026-08-21 13:10:28,134 [INFO] [Pipeline]   Page 2...
2026-08-21 13:10:28,922 [INFO] [Pipeline]     8 lignes.
2026-08-21 13:10:28,922 [INFO] [Pipeline]     dont 0 encore actives.
2026-08-21 13:10:42,550 [INFO] [Pipeline]   Page 3...
2026-08-21 13:10:43,366 [INFO] [Pipeline]     15 lignes.
2026-08-21 13:10:43,366 [INFO] [Pipeline]     dont 0 encore actives.
2026-08-21 13:10:43,366 [INFO] [Pipeline]   Plus aucune offre active depuis 2 pages : arrêt anticipé (le reste est expiré).
2026-08-21 13:10:43,370 [INFO] [Pipeline] Sauvegardé : C:\Users\user\Desktop\Aker Service\app\data\raw_shopping_mall.json (96 lignes)
2026-08-21 13:10:45,500 [INFO] [Pipeline] Agent1Scraper terminé.
2026-08-21 13:10:45,506 [INFO] [Pipeline] Agent1 terminé : 693 Avis A.O actifs, 96 Shopping Mall actifs
2026-08-21 13:10:45,508 [INFO] [Pipeline] === Agent 2 : Nettoyage ===
2026-08-21 13:10:45,533 [INFO] [Pipeline] Chargé : C:\Users\user\Desktop\Aker Service\app\data\raw_avis_ao.json (693 lignes brutes)
2026-08-21 13:10:45,616 [INFO] [Pipeline]   34 doublon(s) supprimé(s) sur la colonne 'numero_ao'.
2026-08-21 13:10:45,616 [INFO] [Pipeline] Avis A.O nettoyé : 659 lignes.
2026-08-21 13:10:45,616 [INFO] [Pipeline] Sauvegardé : C:\Users\user\Desktop\Aker Service\app\data\cleaned_avis_ao.json (659 lignes)
2026-08-21 13:10:45,633 [INFO] [Pipeline] Sauvegardé : C:\Users\user\Desktop\Aker Service\app\data\cleaned_avis_ao.csv (659 lignes)
2026-08-21 13:10:45,650 [INFO] [Pipeline] Chargé : C:\Users\user\Desktop\Aker Service\app\data\raw_shopping_mall.json (96 lignes brutes)
2026-08-21 13:10:45,650 [INFO] [Pipeline] Shopping Mall nettoyé : 96 lignes.
2026-08-21 13:10:45,650 [INFO] [Pipeline] Sauvegardé : C:\Users\user\Desktop\Aker Service\app\data\cleaned_shopping_mall.json (96 lignes)
2026-08-21 13:10:45,650 [INFO] [Pipeline] Sauvegardé : C:\Users\user\Desktop\Aker Service\app\data\cleaned_shopping_mall.csv (96 lignes)
2026-08-21 13:10:45,650 [INFO] [Pipeline] Agent2Cleaner terminé.
2026-08-21 13:10:45,650 [INFO] [Pipeline] Agent2 terminé : 659 / 96 lignes nettoyées
2026-08-21 13:10:45,650 [INFO] [Pipeline] === Agent 3 : Clustering (exécution du notebook) ===
2026-08-21 13:11:07,883 [INFO] [Pipeline] Agent3 terminé.
2026-08-21 13:11:07,883 [INFO] [Pipeline] ########## Pipeline terminé avec succès en 0:10:50.182438 ##########
