2026-08-20 10:39:17,554 [INFO] [Pipeline] Interpréteur Python utilisé : C:\Users\user\AppData\Local\Programs\Python\Python311\python.exe
2026-08-20 10:39:24,566 [INFO] [Pipeline] ########## Démarrage du pipeline Aker Service — 20/08/2026 10:39 ##########
2026-08-20 10:39:24,566 [INFO] [Pipeline] === Agent 1 : Scraping ===
2026-08-20 10:39:24,566 [INFO] [Pipeline] ====== WebDriver manager ======
2026-08-20 10:39:26,329 [INFO] [Pipeline] Get LATEST chromedriver version for google-chrome
2026-08-20 10:39:28,194 [INFO] [Pipeline] Get LATEST chromedriver version for google-chrome
2026-08-20 10:39:31,731 [INFO] [Pipeline] WebDriver version 151.0.7922.138 selected
2026-08-20 10:39:31,747 [INFO] [Pipeline] Modern chrome version https://storage.googleapis.com/chrome-for-testing-public/151.0.7922.138/win64/chromedriver-win64.zip
2026-08-20 10:39:31,747 [INFO] [Pipeline] About to download new driver from https://storage.googleapis.com/chrome-for-testing-public/151.0.7922.138/win64/chromedriver-win64.zip
2026-08-20 10:39:34,092 [INFO] [Pipeline] Driver downloading response is 200
2026-08-20 10:40:21,703 [INFO] [Pipeline] Driver has been saved in cache [C:\Users\user\.wdm\drivers\chromedriver\win64\151.0.7922.138]
2026-08-20 10:40:23,335 [INFO] [Pipeline] Ouverture : https://www.tuneps.tn/portail/offres
2026-08-20 10:40:43,964 [INFO] [Pipeline]   Page 1...
2026-08-20 10:40:44,429 [INFO] [Pipeline]     10 lignes.
2026-08-20 10:40:44,429 [INFO] [Pipeline]     dont 10 encore actives.
2026-08-20 10:40:51,520 [INFO] [Pipeline]   Page 2...
2026-08-20 10:40:51,873 [INFO] [Pipeline]     10 lignes.
2026-08-20 10:40:51,873 [INFO] [Pipeline]     dont 10 encore actives.
2026-08-20 10:40:58,767 [INFO] [Pipeline]   Page 3...
2026-08-20 10:40:59,263 [INFO] [Pipeline]     10 lignes.
2026-08-20 10:40:59,263 [INFO] [Pipeline]     dont 10 encore actives.
2026-08-20 10:41:08,890 [INFO] [Pipeline]   Page 4...
2026-08-20 10:41:09,265 [INFO] [Pipeline]     10 lignes.
2026-08-20 10:41:09,265 [INFO] [Pipeline]     dont 10 encore actives.
2026-08-20 10:41:19,348 [INFO] [Pipeline]   Page 5...
2026-08-20 10:41:20,342 [INFO] [Pipeline]     10 lignes.
2026-08-20 10:41:20,342 [INFO] [Pipeline]     dont 10 encore actives.
2026-08-20 10:41:33,271 [INFO] [Pipeline]   Page 6...
2026-08-20 10:41:34,374 [INFO] [Pipeline]     10 lignes.
2026-08-20 10:41:34,374 [INFO] [Pipeline]     dont 10 encore actives.
2026-08-20 10:41:55,803 [INFO] [Pipeline]   Page 7...
2026-08-20 10:41:56,785 [INFO] [Pipeline]     10 lignes.
2026-08-20 10:41:56,785 [INFO] [Pipeline]     dont 10 encore actives.
2026-08-20 10:42:13,617 [INFO] [Pipeline]   Page 8...
2026-08-20 10:42:14,645 [INFO] [Pipeline]     10 lignes.
2026-08-20 10:42:14,645 [INFO] [Pipeline]     dont 10 encore actives.
2026-08-20 10:42:31,637 [INFO] [Pipeline]   Page 9...
2026-08-20 10:42:32,592 [INFO] [Pipeline]     10 lignes.
2026-08-20 10:42:32,592 [INFO] [Pipeline]     dont 10 encore actives.
2026-08-20 10:42:48,997 [INFO] [Pipeline]   Page 10...
2026-08-20 10:42:49,766 [INFO] [Pipeline]     6 lignes.
2026-08-20 10:42:49,766 [INFO] [Pipeline]     dont 6 encore actives.
2026-08-20 10:43:05,708 [INFO] [Pipeline]   Page 11...
2026-08-20 10:43:06,732 [INFO] [Pipeline]     10 lignes.
2026-08-20 10:43:06,732 [INFO] [Pipeline]     dont 10 encore actives.
2026-08-20 10:43:24,370 [INFO] [Pipeline]   Page 12...
2026-08-20 10:43:25,321 [INFO] [Pipeline]     10 lignes.
2026-08-20 10:43:25,321 [INFO] [Pipeline]     dont 10 encore actives.
2026-08-20 10:43:31,893 [INFO] [Pipeline]   Page 13...
2026-08-20 10:43:32,430 [INFO] [Pipeline]     10 lignes.
2026-08-20 10:43:32,430 [INFO] [Pipeline]     dont 10 encore actives.
2026-08-20 10:43:40,647 [INFO] [Pipeline]   Page 14...
2026-08-20 10:43:41,125 [INFO] [Pipeline]     10 lignes.
2026-08-20 10:43:41,125 [INFO] [Pipeline]     dont 10 encore actives.
2026-08-20 10:43:47,892 [INFO] [Pipeline]   Page 15...
2026-08-20 10:43:48,270 [INFO] [Pipeline]     10 lignes.
2026-08-20 10:43:48,270 [INFO] [Pipeline]     dont 10 encore actives.
2026-08-20 10:43:55,815 [INFO] [Pipeline]   Page 16...
2026-08-20 10:43:56,199 [INFO] [Pipeline]     10 lignes.
2026-08-20 10:43:56,199 [INFO] [Pipeline]     dont 10 encore actives.
2026-08-20 10:44:02,543 [INFO] [Pipeline]   Page 17...
2026-08-20 10:44:02,966 [INFO] [Pipeline]     10 lignes.
2026-08-20 10:44:02,966 [INFO] [Pipeline]     dont 10 encore actives.
2026-08-20 10:44:09,181 [INFO] [Pipeline]   Page 18...
2026-08-20 10:44:09,566 [INFO] [Pipeline]     10 lignes.
2026-08-20 10:44:09,566 [INFO] [Pipeline]     dont 10 encore actives.
2026-08-20 10:44:16,121 [INFO] [Pipeline]   Page 19...
2026-08-20 10:44:16,532 [INFO] [Pipeline]     10 lignes.
2026-08-20 10:44:16,532 [INFO] [Pipeline]     dont 10 encore actives.
2026-08-20 10:44:22,657 [INFO] [Pipeline]   Page 20...
2026-08-20 10:44:24,285 [INFO] [Pipeline]     10 lignes.
2026-08-20 10:44:24,285 [INFO] [Pipeline]     dont 10 encore actives.
2026-08-20 10:44:40,794 [INFO] [Pipeline]   Page 21...
2026-08-20 10:44:41,756 [INFO] [Pipeline]     10 lignes.
2026-08-20 10:44:41,756 [INFO] [Pipeline]     dont 9 encore actives.
2026-08-20 10:44:58,019 [INFO] [Pipeline]   Page 22...
2026-08-20 10:44:59,049 [INFO] [Pipeline]     10 lignes.
2026-08-20 10:44:59,049 [INFO] [Pipeline]     dont 10 encore actives.
2026-08-20 10:45:15,961 [INFO] [Pipeline]   Page 23...
2026-08-20 10:45:16,933 [INFO] [Pipeline]     10 lignes.
2026-08-20 10:45:16,933 [INFO] [Pipeline]     dont 10 encore actives.
2026-08-20 10:45:33,060 [INFO] [Pipeline]   Page 24...
2026-08-20 10:45:34,019 [INFO] [Pipeline]     10 lignes.
2026-08-20 10:45:34,034 [INFO] [Pipeline]     dont 9 encore actives.
2026-08-20 10:45:51,872 [INFO] [Pipeline]   Page 25...
2026-08-20 10:45:52,817 [INFO] [Pipeline]     10 lignes.
2026-08-20 10:45:52,817 [INFO] [Pipeline]     dont 10 encore actives.
2026-08-20 10:46:08,876 [INFO] [Pipeline]   Page 26...
2026-08-20 10:46:09,816 [INFO] [Pipeline]     10 lignes.
2026-08-20 10:46:09,832 [INFO] [Pipeline]     dont 10 encore actives.
2026-08-20 10:46:26,177 [INFO] [Pipeline]   Page 27...
2026-08-20 10:46:27,239 [INFO] [Pipeline]     10 lignes.
2026-08-20 10:46:27,239 [INFO] [Pipeline]     dont 10 encore actives.
2026-08-20 10:46:43,697 [INFO] [Pipeline]   Page 28...
2026-08-20 10:46:44,659 [INFO] [Pipeline]     10 lignes.
2026-08-20 10:46:44,659 [INFO] [Pipeline]     dont 9 encore actives.
2026-08-20 10:47:01,575 [INFO] [Pipeline]   Page 29...
2026-08-20 10:47:02,529 [INFO] [Pipeline]     10 lignes.
2026-08-20 10:47:02,529 [INFO] [Pipeline]     dont 10 encore actives.
2026-08-20 10:47:18,908 [INFO] [Pipeline]   Page 30...
2026-08-20 10:47:19,874 [INFO] [Pipeline]     10 lignes.
2026-08-20 10:47:19,874 [INFO] [Pipeline]     dont 9 encore actives.
2026-08-20 10:47:37,150 [INFO] [Pipeline]   Page 31...
2026-08-20 10:47:38,114 [INFO] [Pipeline]     10 lignes.
2026-08-20 10:47:38,114 [INFO] [Pipeline]     dont 10 encore actives.
2026-08-20 10:47:54,237 [INFO] [Pipeline]   Page 32...
2026-08-20 10:47:55,306 [INFO] [Pipeline]     10 lignes.
2026-08-20 10:47:55,306 [INFO] [Pipeline]     dont 10 encore actives.
2026-08-20 10:48:12,631 [INFO] [Pipeline]   Page 33...
2026-08-20 10:48:13,590 [INFO] [Pipeline]     10 lignes.
2026-08-20 10:48:13,590 [INFO] [Pipeline]     dont 10 encore actives.
2026-08-20 10:48:29,643 [INFO] [Pipeline]   Page 34...
2026-08-20 10:48:30,615 [INFO] [Pipeline]     10 lignes.
2026-08-20 10:48:30,615 [INFO] [Pipeline]     dont 10 encore actives.
2026-08-20 10:48:46,869 [INFO] [Pipeline]   Page 35...
2026-08-20 10:48:47,906 [INFO] [Pipeline]     10 lignes.
2026-08-20 10:48:47,910 [INFO] [Pipeline]     dont 10 encore actives.
2026-08-20 10:49:04,737 [INFO] [Pipeline]   Page 36...
2026-08-20 10:49:05,491 [INFO] [Pipeline]     10 lignes.
2026-08-20 10:49:05,491 [INFO] [Pipeline]     dont 10 encore actives.
2026-08-20 10:49:22,205 [INFO] [Pipeline]   Page 37...
2026-08-20 10:49:23,306 [INFO] [Pipeline]     10 lignes.
2026-08-20 10:49:23,306 [INFO] [Pipeline]     dont 10 encore actives.
2026-08-20 10:49:40,773 [INFO] [Pipeline]   Page 38...
2026-08-20 10:49:41,807 [INFO] [Pipeline]     10 lignes.
2026-08-20 10:49:41,807 [INFO] [Pipeline]     dont 10 encore actives.
2026-08-20 10:49:57,991 [INFO] [Pipeline]   Page 39...
2026-08-20 10:49:58,944 [INFO] [Pipeline]     10 lignes.
2026-08-20 10:49:58,960 [INFO] [Pipeline]     dont 9 encore actives.
2026-08-20 10:50:15,968 [INFO] [Pipeline]   Page 40...
2026-08-20 10:50:17,042 [INFO] [Pipeline]     10 lignes.
2026-08-20 10:50:17,042 [INFO] [Pipeline]     dont 8 encore actives.
2026-08-20 10:50:35,174 [INFO] [Pipeline]   Page 41...
2026-08-20 10:50:36,277 [INFO] [Pipeline]     10 lignes.
2026-08-20 10:50:36,277 [INFO] [Pipeline]     dont 9 encore actives.
2026-08-20 10:50:54,904 [INFO] [Pipeline]   Page 42...
2026-08-20 10:50:56,064 [INFO] [Pipeline]     10 lignes.
2026-08-20 10:50:56,069 [INFO] [Pipeline]     dont 9 encore actives.
2026-08-20 10:51:14,294 [INFO] [Pipeline]   Page 43...
2026-08-20 10:51:15,427 [INFO] [Pipeline]     10 lignes.
2026-08-20 10:51:15,431 [INFO] [Pipeline]     dont 10 encore actives.
2026-08-20 10:51:32,759 [INFO] [Pipeline]   Page 44...
2026-08-20 10:51:33,706 [INFO] [Pipeline]     10 lignes.
2026-08-20 10:51:33,706 [INFO] [Pipeline]     dont 7 encore actives.
2026-08-20 10:51:50,132 [INFO] [Pipeline]   Page 45...
2026-08-20 10:51:51,154 [INFO] [Pipeline]     10 lignes.
2026-08-20 10:51:51,154 [INFO] [Pipeline]     dont 8 encore actives.
2026-08-20 10:52:07,907 [INFO] [Pipeline]   Page 46...
2026-08-20 10:52:08,881 [INFO] [Pipeline]     10 lignes.
2026-08-20 10:52:08,881 [INFO] [Pipeline]     dont 10 encore actives.
2026-08-20 10:52:25,653 [INFO] [Pipeline]   Page 47...
2026-08-20 10:52:26,587 [INFO] [Pipeline]     10 lignes.
2026-08-20 10:52:26,587 [INFO] [Pipeline]     dont 10 encore actives.
2026-08-20 10:52:42,554 [INFO] [Pipeline]   Page 48...
2026-08-20 10:52:43,510 [INFO] [Pipeline]     10 lignes.
2026-08-20 10:52:43,510 [INFO] [Pipeline]     dont 8 encore actives.
2026-08-20 10:52:59,511 [INFO] [Pipeline]   Page 49...
2026-08-20 10:53:00,479 [INFO] [Pipeline]     10 lignes.
2026-08-20 10:53:00,479 [INFO] [Pipeline]     dont 7 encore actives.
2026-08-20 10:53:16,424 [INFO] [Pipeline]   Page 50...
2026-08-20 10:53:17,393 [INFO] [Pipeline]     10 lignes.
2026-08-20 10:53:17,393 [INFO] [Pipeline]     dont 8 encore actives.
2026-08-20 10:53:33,363 [INFO] [Pipeline]   Page 51...
2026-08-20 10:53:34,334 [INFO] [Pipeline]     10 lignes.
2026-08-20 10:53:34,335 [INFO] [Pipeline]     dont 8 encore actives.
2026-08-20 10:53:41,969 [INFO] [Pipeline]   Page 52...
2026-08-20 10:53:42,406 [INFO] [Pipeline]     10 lignes.
2026-08-20 10:53:42,406 [INFO] [Pipeline]     dont 9 encore actives.
2026-08-20 10:53:51,774 [INFO] [Pipeline]   Page 53...
2026-08-20 10:53:52,223 [INFO] [Pipeline]     10 lignes.
2026-08-20 10:53:52,223 [INFO] [Pipeline]     dont 7 encore actives.
2026-08-20 10:53:58,399 [INFO] [Pipeline]   Page 54...
2026-08-20 10:53:58,840 [INFO] [Pipeline]     10 lignes.
2026-08-20 10:53:58,840 [INFO] [Pipeline]     dont 9 encore actives.
2026-08-20 10:54:05,278 [INFO] [Pipeline]   Page 55...
2026-08-20 10:54:05,759 [INFO] [Pipeline]     10 lignes.
2026-08-20 10:54:05,759 [INFO] [Pipeline]     dont 9 encore actives.
2026-08-20 10:54:12,249 [INFO] [Pipeline]   Page 56...
2026-08-20 10:54:12,654 [INFO] [Pipeline]     10 lignes.
2026-08-20 10:54:12,654 [INFO] [Pipeline]     dont 10 encore actives.
2026-08-20 10:54:19,166 [INFO] [Pipeline]   Page 57...
2026-08-20 10:54:19,333 [INFO] [Pipeline]     1 lignes.
2026-08-20 10:54:19,333 [INFO] [Pipeline]     dont 1 encore actives.
2026-08-20 10:54:26,411 [INFO] [Pipeline]   Page 58...
2026-08-20 10:54:26,732 [INFO] [Pipeline]     10 lignes.
2026-08-20 10:54:26,732 [INFO] [Pipeline]     dont 10 encore actives.
2026-08-20 10:54:33,248 [INFO] [Pipeline]   Page 59...
2026-08-20 10:54:33,664 [INFO] [Pipeline]     10 lignes.
2026-08-20 10:54:33,664 [INFO] [Pipeline]     dont 9 encore actives.
2026-08-20 10:54:49,896 [INFO] [Pipeline]   Page 60...
2026-08-20 10:54:50,937 [INFO] [Pipeline]     10 lignes.
2026-08-20 10:54:50,937 [INFO] [Pipeline]     dont 9 encore actives.
2026-08-20 10:55:08,534 [INFO] [Pipeline]   Page 61...
2026-08-20 10:55:09,676 [INFO] [Pipeline]     10 lignes.
2026-08-20 10:55:09,678 [INFO] [Pipeline]     dont 9 encore actives.
2026-08-20 10:55:26,826 [INFO] [Pipeline]   Page 62...
2026-08-20 10:55:27,585 [INFO] [Pipeline]     10 lignes.
2026-08-20 10:55:27,585 [INFO] [Pipeline]     dont 9 encore actives.
2026-08-20 10:55:42,584 [INFO] [Pipeline]   Page 63...
2026-08-20 10:55:43,576 [INFO] [Pipeline]     10 lignes.
2026-08-20 10:55:43,576 [INFO] [Pipeline]     dont 9 encore actives.
2026-08-20 10:56:00,297 [INFO] [Pipeline]   Page 64...
2026-08-20 10:56:01,243 [INFO] [Pipeline]     10 lignes.
2026-08-20 10:56:01,243 [INFO] [Pipeline]     dont 10 encore actives.
2026-08-20 10:56:17,138 [INFO] [Pipeline]   Page 65...
2026-08-20 10:56:17,524 [INFO] [Pipeline]     0 lignes.
2026-08-20 10:56:17,524 [INFO] [Pipeline]     dont 0 encore actives.
2026-08-20 10:56:34,080 [INFO] [Pipeline]   Page 66...
2026-08-20 10:56:35,023 [INFO] [Pipeline]     10 lignes.
2026-08-20 10:56:35,023 [INFO] [Pipeline]     dont 9 encore actives.
2026-08-20 10:56:50,727 [INFO] [Pipeline]   Page 67...
2026-08-20 10:56:51,699 [INFO] [Pipeline]     10 lignes.
2026-08-20 10:56:51,699 [INFO] [Pipeline]     dont 7 encore actives.
2026-08-20 10:57:07,555 [INFO] [Pipeline]   Page 68...
2026-08-20 10:57:08,498 [INFO] [Pipeline]     10 lignes.
2026-08-20 10:57:08,498 [INFO] [Pipeline]     dont 9 encore actives.
2026-08-20 10:57:24,593 [INFO] [Pipeline]   Page 69...
2026-08-20 10:57:25,541 [INFO] [Pipeline]     10 lignes.
2026-08-20 10:57:25,541 [INFO] [Pipeline]     dont 8 encore actives.
2026-08-20 10:57:42,328 [INFO] [Pipeline]   Page 70...
2026-08-20 10:57:43,338 [INFO] [Pipeline]     10 lignes.
2026-08-20 10:57:43,338 [INFO] [Pipeline]     dont 8 encore actives.
2026-08-20 10:57:59,462 [INFO] [Pipeline]   Page 71...
2026-08-20 10:57:59,886 [INFO] [Pipeline]     1 lignes.
2026-08-20 10:57:59,886 [INFO] [Pipeline]     dont 1 encore actives.
2026-08-20 10:58:17,054 [INFO] [Pipeline]   Page 72...
2026-08-20 10:58:18,015 [INFO] [Pipeline]     10 lignes.
2026-08-20 10:58:18,015 [INFO] [Pipeline]     dont 10 encore actives.
2026-08-20 10:58:34,064 [INFO] [Pipeline]   Page 73...
2026-08-20 10:58:34,991 [INFO] [Pipeline]     10 lignes.
2026-08-20 10:58:34,991 [INFO] [Pipeline]     dont 7 encore actives.
2026-08-20 10:58:51,941 [INFO] [Pipeline]   Page 74...
2026-08-20 10:58:52,888 [INFO] [Pipeline]     10 lignes.
2026-08-20 10:58:52,888 [INFO] [Pipeline]     dont 8 encore actives.
2026-08-20 10:59:01,308 [INFO] [Pipeline]   Page 75...
2026-08-20 10:59:01,587 [INFO] [Pipeline]     10 lignes.
2026-08-20 10:59:01,587 [INFO] [Pipeline]     dont 6 encore actives.
2026-08-20 10:59:07,932 [INFO] [Pipeline]   Page 76...
2026-08-20 10:59:08,385 [INFO] [Pipeline]     10 lignes.
2026-08-20 10:59:08,385 [INFO] [Pipeline]     dont 5 encore actives.
2026-08-20 10:59:14,485 [INFO] [Pipeline]   Page 77...
2026-08-20 10:59:14,942 [INFO] [Pipeline]     10 lignes.
2026-08-20 10:59:14,942 [INFO] [Pipeline]     dont 8 encore actives.
2026-08-20 10:59:21,922 [INFO] [Pipeline]   Page 78...
2026-08-20 10:59:22,333 [INFO] [Pipeline]     10 lignes.
2026-08-20 10:59:22,333 [INFO] [Pipeline]     dont 3 encore actives.
2026-08-20 10:59:29,381 [INFO] [Pipeline]   Page 79...
2026-08-20 10:59:29,811 [INFO] [Pipeline]     10 lignes.
2026-08-20 10:59:29,811 [INFO] [Pipeline]     dont 5 encore actives.
2026-08-20 10:59:37,200 [INFO] [Pipeline]   Page 80...
2026-08-20 10:59:37,641 [INFO] [Pipeline]     10 lignes.
2026-08-20 10:59:37,641 [INFO] [Pipeline]     dont 5 encore actives.
2026-08-20 10:59:44,066 [INFO] [Pipeline]   Page 81...
2026-08-20 10:59:44,504 [INFO] [Pipeline]     10 lignes.
2026-08-20 10:59:44,504 [INFO] [Pipeline]     dont 1 encore actives.
2026-08-20 10:59:52,129 [INFO] [Pipeline]   Page 82...
2026-08-20 10:59:52,563 [INFO] [Pipeline]     10 lignes.
2026-08-20 10:59:52,563 [INFO] [Pipeline]     dont 3 encore actives.
2026-08-20 11:00:05,892 [INFO] [Pipeline]   Page 83...
2026-08-20 11:00:06,210 [INFO] [Pipeline]     10 lignes.
2026-08-20 11:00:06,210 [INFO] [Pipeline]     dont 3 encore actives.
2026-08-20 11:00:11,424 [INFO] [Pipeline]   Page 84...
2026-08-20 11:00:11,823 [INFO] [Pipeline]     10 lignes.
2026-08-20 11:00:11,823 [INFO] [Pipeline]     dont 3 encore actives.
2026-08-20 11:00:17,901 [INFO] [Pipeline]   Page 85...
2026-08-20 11:00:18,310 [INFO] [Pipeline]     10 lignes.
2026-08-20 11:00:18,310 [INFO] [Pipeline]     dont 1 encore actives.
2026-08-20 11:00:24,739 [INFO] [Pipeline]   Page 86...
2026-08-20 11:00:25,197 [INFO] [Pipeline]     10 lignes.
2026-08-20 11:00:25,197 [INFO] [Pipeline]     dont 4 encore actives.
2026-08-20 11:00:32,304 [INFO] [Pipeline]   Page 87...
2026-08-20 11:00:32,752 [INFO] [Pipeline]     10 lignes.
2026-08-20 11:00:32,752 [INFO] [Pipeline]     dont 5 encore actives.
2026-08-20 11:00:41,243 [INFO] [Pipeline]   Page 88...
2026-08-20 11:00:41,680 [INFO] [Pipeline]     10 lignes.
2026-08-20 11:00:41,680 [INFO] [Pipeline]     dont 2 encore actives.
2026-08-20 11:00:48,106 [INFO] [Pipeline]   Page 89...
2026-08-20 11:00:48,569 [INFO] [Pipeline]     10 lignes.
2026-08-20 11:00:48,569 [INFO] [Pipeline]     dont 1 encore actives.
2026-08-20 11:00:55,736 [INFO] [Pipeline]   Page 90...
2026-08-20 11:00:56,183 [INFO] [Pipeline]     10 lignes.
2026-08-20 11:00:56,183 [INFO] [Pipeline]     dont 2 encore actives.
2026-08-20 11:01:02,695 [INFO] [Pipeline]   Page 91...
2026-08-20 11:01:03,813 [INFO] [Pipeline]     10 lignes.
2026-08-20 11:01:03,814 [INFO] [Pipeline]     dont 0 encore actives.
2026-08-20 11:01:20,017 [INFO] [Pipeline]   Page 92...
2026-08-20 11:01:20,964 [INFO] [Pipeline]     10 lignes.
2026-08-20 11:01:20,964 [INFO] [Pipeline]     dont 1 encore actives.
2026-08-20 11:01:37,611 [INFO] [Pipeline]   Page 93...
2026-08-20 11:01:38,647 [INFO] [Pipeline]     10 lignes.
2026-08-20 11:01:38,647 [INFO] [Pipeline]     dont 0 encore actives.
2026-08-20 11:01:55,730 [INFO] [Pipeline]   Page 94...
2026-08-20 11:01:56,734 [INFO] [Pipeline]     10 lignes.
2026-08-20 11:01:56,734 [INFO] [Pipeline]     dont 1 encore actives.
2026-08-20 11:02:07,189 [INFO] [Pipeline]   Page 95...
2026-08-20 11:02:07,450 [INFO] [Pipeline]     10 lignes.
2026-08-20 11:02:07,450 [INFO] [Pipeline]     dont 3 encore actives.
2026-08-20 11:02:13,450 [INFO] [Pipeline]   Page 96...
2026-08-20 11:02:13,875 [INFO] [Pipeline]     10 lignes.
2026-08-20 11:02:13,875 [INFO] [Pipeline]     dont 0 encore actives.
2026-08-20 11:02:20,010 [INFO] [Pipeline]   Page 97...
2026-08-20 11:02:20,410 [INFO] [Pipeline]     10 lignes.
2026-08-20 11:02:20,410 [INFO] [Pipeline]     dont 0 encore actives.
2026-08-20 11:02:20,410 [INFO] [Pipeline]   Plus aucune offre active depuis 2 pages : arrêt anticipé (le reste est expiré).
2026-08-20 11:02:20,426 [INFO] [Pipeline] Sauvegardé : C:\Users\user\Desktop\Aker Service\app\data\raw_avis_ao.json (722 lignes)
2026-08-20 11:02:20,426 [INFO] [Pipeline] Ouverture : https://www.tuneps.tn/portail/consultations
2026-08-20 11:02:28,134 [INFO] [Pipeline]   Taille de page augmentée à 800 lignes/page.
2026-08-20 11:02:28,138 [INFO] [Pipeline]   Page 1...
2026-08-20 11:02:54,480 [INFO] [Pipeline]     800 lignes.
2026-08-20 11:02:54,497 [INFO] [Pipeline]     dont 735 encore actives.
2026-08-20 11:06:50,308 [INFO] [Pipeline]   Page 2...
2026-08-20 11:07:05,274 [INFO] [Pipeline]     21 lignes.
2026-08-20 11:07:05,274 [INFO] [Pipeline]     dont 21 encore actives.
2026-08-20 11:10:15,741 [INFO] [Pipeline]   Page 3...
2026-08-20 11:10:21,081 [INFO] [Pipeline]     33 lignes.
2026-08-20 11:10:21,081 [INFO] [Pipeline]     dont 33 encore actives.
2026-08-20 11:11:55,146 [INFO] [Pipeline]   Page 4...
2026-08-20 11:12:08,275 [INFO] [Pipeline]     6 lignes.
2026-08-20 11:12:08,275 [INFO] [Pipeline]     dont 6 encore actives.
2026-08-20 11:16:18,612 [INFO] [Pipeline]   Page 5...
2026-08-20 11:16:33,570 [INFO] [Pipeline]     19 lignes.
2026-08-20 11:16:33,570 [INFO] [Pipeline]     dont 19 encore actives.
2026-08-20 11:20:44,402 [INFO] [Pipeline]   Page 6...
2026-08-20 11:20:52,427 [INFO] [Pipeline]     117 lignes.
2026-08-20 11:20:52,427 [INFO] [Pipeline]     dont 117 encore actives.
2026-08-20 11:24:04,585 [INFO] [Pipeline]   Page 7...
2026-08-20 11:24:24,520 [INFO] [Pipeline]     27 lignes.
2026-08-20 11:24:24,520 [INFO] [Pipeline]     dont 27 encore actives.
2026-08-20 11:27:11,370 [INFO] [Pipeline]   Page 8...
2026-08-20 11:27:17,512 [INFO] [Pipeline]     51 lignes.
2026-08-20 11:27:17,512 [INFO] [Pipeline]     dont 51 encore actives.
2026-08-20 11:28:49,324 [INFO] [Pipeline]   Page 9...
2026-08-20 11:28:55,650 [INFO] [Pipeline]     52 lignes.
2026-08-20 11:28:55,650 [INFO] [Pipeline]     dont 52 encore actives.
2026-08-20 11:30:28,770 [INFO] [Pipeline]   Page 10...
2026-08-20 11:30:34,077 [INFO] [Pipeline]     32 lignes.
2026-08-20 11:30:34,077 [INFO] [Pipeline]     dont 32 encore actives.
2026-08-20 11:32:05,788 [INFO] [Pipeline]   Page 11...
2026-08-20 11:32:15,914 [INFO] [Pipeline]     123 lignes.
2026-08-20 11:32:15,914 [INFO] [Pipeline]     dont 123 encore actives.
2026-08-20 11:33:45,766 [INFO] [Pipeline]   Page 12...
2026-08-20 11:33:54,417 [INFO] [Pipeline]     28 lignes.
2026-08-20 11:33:54,417 [INFO] [Pipeline]     dont 28 encore actives.
2026-08-20 11:36:30,236 [INFO] [Pipeline]   Page 13...
2026-08-20 11:36:44,911 [INFO] [Pipeline]     2 lignes.
2026-08-20 11:36:44,915 [INFO] [Pipeline]     dont 2 encore actives.
2026-08-20 11:38:37,396 [INFO] [Pipeline]   Page 14...
2026-08-20 11:38:37,815 [INFO] [Pipeline]     10 lignes.
2026-08-20 11:38:37,815 [INFO] [Pipeline]     dont 10 encore actives.
2026-08-20 11:38:44,543 [INFO] [Pipeline]   Page 15...
2026-08-20 11:38:44,910 [INFO] [Pipeline]     10 lignes.
2026-08-20 11:38:44,910 [INFO] [Pipeline]     dont 10 encore actives.
2026-08-20 11:38:51,154 [INFO] [Pipeline]   Page 16...
2026-08-20 11:38:51,372 [INFO] [Pipeline]     2 lignes.
2026-08-20 11:38:51,372 [INFO] [Pipeline]     dont 2 encore actives.
2026-08-20 11:38:57,555 [INFO] [Pipeline]   Page 17...
2026-08-20 11:38:57,886 [INFO] [Pipeline]     6 lignes.
2026-08-20 11:38:57,886 [INFO] [Pipeline]     dont 6 encore actives.
2026-08-20 11:39:07,980 [INFO] [Pipeline]   Page 18...
2026-08-20 11:39:08,420 [INFO] [Pipeline]     1 lignes.
2026-08-20 11:39:08,421 [INFO] [Pipeline]     dont 1 encore actives.
2026-08-20 11:39:24,961 [INFO] [Pipeline]   Page 19...
2026-08-20 11:39:25,276 [INFO] [Pipeline]     0 lignes.
2026-08-20 11:39:25,276 [INFO] [Pipeline]     dont 0 encore actives.
2026-08-20 11:39:42,573 [INFO] [Pipeline]   Page 20...
2026-08-20 11:39:43,687 [INFO] [Pipeline]     10 lignes.
2026-08-20 11:39:43,689 [INFO] [Pipeline]     dont 10 encore actives.
2026-08-20 11:40:00,699 [INFO] [Pipeline]   Page 21...
2026-08-20 11:40:01,499 [INFO] [Pipeline]     6 lignes.
2026-08-20 11:40:01,500 [INFO] [Pipeline]     dont 6 encore actives.
2026-08-20 11:40:17,114 [INFO] [Pipeline]   Page 22...
2026-08-20 11:40:18,054 [INFO] [Pipeline]     10 lignes.
2026-08-20 11:40:18,058 [INFO] [Pipeline]     dont 10 encore actives.
2026-08-20 11:40:36,148 [INFO] [Pipeline]   Page 23...
2026-08-20 11:40:36,559 [INFO] [Pipeline]     0 lignes.
2026-08-20 11:40:36,559 [INFO] [Pipeline]     dont 0 encore actives.
2026-08-20 11:40:53,714 [INFO] [Pipeline]   Page 24...
2026-08-20 11:40:54,613 [INFO] [Pipeline]     10 lignes.
2026-08-20 11:40:54,613 [INFO] [Pipeline]     dont 10 encore actives.
2026-08-20 11:41:10,193 [INFO] [Pipeline]   Page 25...
2026-08-20 11:41:11,155 [INFO] [Pipeline]     10 lignes.
2026-08-20 11:41:11,155 [INFO] [Pipeline]     dont 10 encore actives.
2026-08-20 11:41:26,620 [INFO] [Pipeline]   Page 26...
2026-08-20 11:41:27,675 [INFO] [Pipeline]     10 lignes.
2026-08-20 11:41:27,675 [INFO] [Pipeline]     dont 10 encore actives.
2026-08-20 11:41:42,966 [INFO] [Pipeline]   Page 27...
2026-08-20 11:41:43,968 [INFO] [Pipeline]     10 lignes.
2026-08-20 11:41:43,968 [INFO] [Pipeline]     dont 10 encore actives.
2026-08-20 11:41:59,524 [INFO] [Pipeline]   Page 28...
2026-08-20 11:42:00,433 [INFO] [Pipeline]     10 lignes.
2026-08-20 11:42:00,433 [INFO] [Pipeline]     dont 10 encore actives.
2026-08-20 11:42:15,792 [INFO] [Pipeline]   Page 29...
2026-08-20 11:42:16,096 [INFO] [Pipeline]     0 lignes.
2026-08-20 11:42:16,096 [INFO] [Pipeline]     dont 0 encore actives.
2026-08-20 11:42:31,477 [INFO] [Pipeline]   Page 30...
2026-08-20 11:42:31,915 [INFO] [Pipeline]     1 lignes.
2026-08-20 11:42:31,915 [INFO] [Pipeline]     dont 1 encore actives.
2026-08-20 11:42:47,091 [INFO] [Pipeline]   Page 31...
2026-08-20 11:42:47,568 [INFO] [Pipeline]     1 lignes.
2026-08-20 11:42:47,568 [INFO] [Pipeline]     dont 1 encore actives.
2026-08-20 11:43:04,309 [INFO] [Pipeline]   Page 32...
2026-08-20 11:43:04,545 [INFO] [Pipeline]     10 lignes.
2026-08-20 11:43:04,545 [INFO] [Pipeline]     dont 10 encore actives.
2026-08-20 11:43:10,164 [INFO] [Pipeline]   Page 33...
2026-08-20 11:43:10,618 [INFO] [Pipeline]     10 lignes.
2026-08-20 11:43:10,618 [INFO] [Pipeline]     dont 10 encore actives.
2026-08-20 11:43:20,498 [INFO] [Pipeline]   Page 34...
2026-08-20 11:43:20,926 [INFO] [Pipeline]     10 lignes.
2026-08-20 11:43:20,926 [INFO] [Pipeline]     dont 10 encore actives.
2026-08-20 11:43:26,909 [INFO] [Pipeline]   Page 35...
2026-08-20 11:43:27,285 [INFO] [Pipeline]     10 lignes.
2026-08-20 11:43:27,285 [INFO] [Pipeline]     dont 10 encore actives.
2026-08-20 11:43:34,004 [INFO] [Pipeline]   Page 36...
2026-08-20 11:43:34,379 [INFO] [Pipeline]     10 lignes.
2026-08-20 11:43:34,379 [INFO] [Pipeline]     dont 10 encore actives.
2026-08-20 11:43:43,189 [INFO] [Pipeline]   Page 37...
2026-08-20 11:43:43,556 [INFO] [Pipeline]     10 lignes.
2026-08-20 11:43:43,556 [INFO] [Pipeline]     dont 10 encore actives.
2026-08-20 11:43:49,721 [INFO] [Pipeline]   Page 38...
2026-08-20 11:43:50,057 [INFO] [Pipeline]     6 lignes.
2026-08-20 11:43:50,057 [INFO] [Pipeline]     dont 6 encore actives.
2026-08-20 11:43:56,426 [INFO] [Pipeline]   Page 39...
2026-08-20 11:43:56,737 [INFO] [Pipeline]     7 lignes.
2026-08-20 11:43:56,737 [INFO] [Pipeline]     dont 7 encore actives.
2026-08-20 11:44:12,724 [INFO] [Pipeline]   Page 40...
2026-08-20 11:44:13,620 [INFO] [Pipeline]     10 lignes.
2026-08-20 11:44:13,620 [INFO] [Pipeline]     dont 10 encore actives.
2026-08-20 11:44:28,523 [INFO] [Pipeline]   Page 41...
2026-08-20 11:44:29,224 [INFO] [Pipeline]     6 lignes.
2026-08-20 11:44:29,224 [INFO] [Pipeline]     dont 6 encore actives.
2026-08-20 11:44:46,012 [INFO] [Pipeline]   Page 42...
2026-08-20 11:44:46,919 [INFO] [Pipeline]     10 lignes.
2026-08-20 11:44:46,919 [INFO] [Pipeline]     dont 10 encore actives.
2026-08-20 11:45:02,438 [INFO] [Pipeline]   Page 43...
2026-08-20 11:45:03,278 [INFO] [Pipeline]     8 lignes.
2026-08-20 11:45:03,278 [INFO] [Pipeline]     dont 8 encore actives.
2026-08-20 11:45:18,621 [INFO] [Pipeline]   Page 44...
2026-08-20 11:45:19,331 [INFO] [Pipeline]     4 lignes.
2026-08-20 11:45:19,331 [INFO] [Pipeline]     dont 4 encore actives.
2026-08-20 11:45:37,263 [INFO] [Pipeline]   Page 45...
2026-08-20 11:45:38,154 [INFO] [Pipeline]     10 lignes.
2026-08-20 11:45:38,154 [INFO] [Pipeline]     dont 10 encore actives.
2026-08-20 11:45:55,777 [INFO] [Pipeline]   Page 46...
2026-08-20 11:45:56,666 [INFO] [Pipeline]     10 lignes.
2026-08-20 11:45:56,666 [INFO] [Pipeline]     dont 10 encore actives.
2026-08-20 11:46:11,330 [INFO] [Pipeline]   Page 47...
2026-08-20 11:46:12,275 [INFO] [Pipeline]     10 lignes.
2026-08-20 11:46:12,275 [INFO] [Pipeline]     dont 10 encore actives.
2026-08-20 11:46:29,631 [INFO] [Pipeline]   Page 48...
2026-08-20 11:46:30,484 [INFO] [Pipeline]     10 lignes.
2026-08-20 11:46:30,484 [INFO] [Pipeline]     dont 8 encore actives.
2026-08-20 11:46:49,147 [INFO] [Pipeline]   Page 49...
2026-08-20 11:46:49,892 [INFO] [Pipeline]     10 lignes.
2026-08-20 11:46:49,892 [INFO] [Pipeline]     dont 8 encore actives.
2026-08-20 11:47:09,830 [INFO] [Pipeline]   Page 50...
2026-08-20 11:47:10,124 [INFO] [Pipeline]     10 lignes.
2026-08-20 11:47:10,124 [INFO] [Pipeline]     dont 10 encore actives.
2026-08-20 11:47:17,874 [INFO] [Pipeline]   Page 51...
2026-08-20 11:47:18,261 [INFO] [Pipeline]     10 lignes.
2026-08-20 11:47:18,261 [INFO] [Pipeline]     dont 8 encore actives.
2026-08-20 11:47:24,226 [INFO] [Pipeline]   Page 52...
2026-08-20 11:47:24,624 [INFO] [Pipeline]     10 lignes.
2026-08-20 11:47:24,624 [INFO] [Pipeline]     dont 8 encore actives.
2026-08-20 11:47:32,842 [INFO] [Pipeline]   Page 53...
2026-08-20 11:47:33,291 [INFO] [Pipeline]     10 lignes.
2026-08-20 11:47:33,291 [INFO] [Pipeline]     dont 10 encore actives.
2026-08-20 11:47:40,915 [INFO] [Pipeline]   Page 54...
2026-08-20 11:47:41,349 [INFO] [Pipeline]     10 lignes.
2026-08-20 11:47:41,349 [INFO] [Pipeline]     dont 10 encore actives.
2026-08-20 11:47:48,720 [INFO] [Pipeline]   Page 55...
2026-08-20 11:47:49,130 [INFO] [Pipeline]     10 lignes.
2026-08-20 11:47:49,130 [INFO] [Pipeline]     dont 9 encore actives.
2026-08-20 11:47:57,073 [INFO] [Pipeline]   Page 56...
2026-08-20 11:47:57,560 [INFO] [Pipeline]     10 lignes.
2026-08-20 11:47:57,560 [INFO] [Pipeline]     dont 10 encore actives.
2026-08-20 11:48:04,886 [INFO] [Pipeline]   Page 57...
2026-08-20 11:48:06,829 [INFO] [Pipeline]     10 lignes.
2026-08-20 11:48:06,829 [INFO] [Pipeline]     dont 10 encore actives.
2026-08-20 11:48:23,926 [INFO] [Pipeline]   Page 58...
2026-08-20 11:48:24,774 [INFO] [Pipeline]     8 lignes.
2026-08-20 11:48:24,774 [INFO] [Pipeline]     dont 8 encore actives.
2026-08-20 11:48:39,839 [INFO] [Pipeline]   Page 59...
2026-08-20 11:48:40,759 [INFO] [Pipeline]     10 lignes.
2026-08-20 11:48:40,759 [INFO] [Pipeline]     dont 9 encore actives.
2026-08-20 11:48:58,157 [INFO] [Pipeline]   Page 60...
2026-08-20 11:48:59,031 [INFO] [Pipeline]     10 lignes.
2026-08-20 11:48:59,031 [INFO] [Pipeline]     dont 9 encore actives.
2026-08-20 11:49:15,876 [INFO] [Pipeline]   Page 61...
2026-08-20 11:49:16,762 [INFO] [Pipeline]     10 lignes.
2026-08-20 11:49:16,762 [INFO] [Pipeline]     dont 8 encore actives.
2026-08-20 11:49:32,052 [INFO] [Pipeline]   Page 62...
2026-08-20 11:49:32,375 [INFO] [Pipeline]     0 lignes.
2026-08-20 11:49:32,375 [INFO] [Pipeline]     dont 0 encore actives.
2026-08-20 11:49:43,402 [INFO] [Pipeline]   Page 63...
2026-08-20 11:49:43,833 [INFO] [Pipeline]     10 lignes.
2026-08-20 11:49:43,833 [INFO] [Pipeline]     dont 9 encore actives.
2026-08-20 11:49:56,615 [INFO] [Pipeline]   Page 64...
2026-08-20 11:49:57,405 [INFO] [Pipeline]     6 lignes.
2026-08-20 11:49:57,405 [INFO] [Pipeline]     dont 5 encore actives.
2026-08-20 11:50:12,095 [INFO] [Pipeline]   Page 65...
2026-08-20 11:50:12,590 [INFO] [Pipeline]     2 lignes.
2026-08-20 11:50:12,590 [INFO] [Pipeline]     dont 2 encore actives.
2026-08-20 11:50:24,028 [INFO] [Pipeline]   Page 66...
2026-08-20 11:50:24,408 [INFO] [Pipeline]     10 lignes.
2026-08-20 11:50:24,417 [INFO] [Pipeline]     dont 9 encore actives.
2026-08-20 11:50:30,785 [INFO] [Pipeline]   Page 67...
2026-08-20 11:50:31,195 [INFO] [Pipeline]     10 lignes.
2026-08-20 11:50:31,195 [INFO] [Pipeline]     dont 10 encore actives.
2026-08-20 11:50:38,168 [INFO] [Pipeline]   Page 68...
2026-08-20 11:50:38,299 [INFO] [Pipeline]     0 lignes.
2026-08-20 11:50:38,299 [INFO] [Pipeline]     dont 0 encore actives.
2026-08-20 11:50:44,428 [INFO] [Pipeline]   Page 69...
2026-08-20 11:50:44,773 [INFO] [Pipeline]     6 lignes.
2026-08-20 11:50:44,773 [INFO] [Pipeline]     dont 6 encore actives.
2026-08-20 11:50:50,968 [INFO] [Pipeline]   Page 70...
2026-08-20 11:50:51,356 [INFO] [Pipeline]     10 lignes.
2026-08-20 11:50:51,356 [INFO] [Pipeline]     dont 8 encore actives.
2026-08-20 11:51:02,472 [INFO] [Pipeline]   Page 71...
2026-08-20 11:51:02,846 [INFO] [Pipeline]     10 lignes.
2026-08-20 11:51:02,846 [INFO] [Pipeline]     dont 7 encore actives.
2026-08-20 11:51:11,457 [INFO] [Pipeline]   Page 72...
2026-08-20 11:51:11,787 [INFO] [Pipeline]     10 lignes.
2026-08-20 11:51:11,787 [INFO] [Pipeline]     dont 10 encore actives.
2026-08-20 11:51:18,041 [INFO] [Pipeline]   Page 73...
2026-08-20 11:51:19,071 [INFO] [Pipeline]     10 lignes.
2026-08-20 11:51:19,075 [INFO] [Pipeline]     dont 10 encore actives.
2026-08-20 11:51:35,693 [INFO] [Pipeline]   Page 74...
2026-08-20 11:51:36,637 [INFO] [Pipeline]     10 lignes.
2026-08-20 11:51:36,646 [INFO] [Pipeline]     dont 10 encore actives.
2026-08-20 11:51:53,970 [INFO] [Pipeline]   Page 75...
2026-08-20 11:51:54,923 [INFO] [Pipeline]     10 lignes.
2026-08-20 11:51:54,923 [INFO] [Pipeline]     dont 7 encore actives.
2026-08-20 11:52:13,086 [INFO] [Pipeline]   Page 76...
2026-08-20 11:52:14,051 [INFO] [Pipeline]     10 lignes.
2026-08-20 11:52:14,055 [INFO] [Pipeline]     dont 8 encore actives.
2026-08-20 11:52:35,338 [INFO] [Pipeline]   Page 77...
2026-08-20 11:52:36,194 [INFO] [Pipeline]     10 lignes.
2026-08-20 11:52:36,195 [INFO] [Pipeline]     dont 8 encore actives.
2026-08-20 11:52:53,890 [ERROR] [Pipeline] ########## Pipeline interrompu : Message: stale element reference: stale element not found in the current frame
  (Session info: chrome=151.0.7922.138); For documentation on this error, please visit: https://www.selenium.dev/documentation/webdriver/troubleshooting/errors#staleelementreferenceexception
Stacktrace:
	chromedriver!GetHandleVerifier [0x7ff7ccf4abb5+151b5]
	chromedriver!GetHandleVerifier [0x7ff7ccf4ac10+15210]
	chromedriver!(No symbol) [0x7ff7cca75d6d]
	chromedriver!(No symbol) [0x7ff7cca7dcd1]
	chromedriver!(No symbol) [0x7ff7cca80c85]
	chromedriver!(No symbol) [0x7ff7cca80d4f]
	chromedriver!(No symbol) [0x7ff7ccacc51c]
	chromedriver!(No symbol) [0x7ff7ccaf9d0a]
	chromedriver!(No symbol) [0x7ff7ccac4f76]
	chromedriver!(No symbol) [0x7ff7ccb1ec0b]
	chromedriver!(No symbol) [0x7ff7ccac37cc]
	chromedriver!(No symbol) [0x7ff7ccac46f3]
	chromedriver!GetHandleVerifier [0x7ff7cd56b79b+635d9b]
	chromedriver!GetHandleVerifier [0x7ff7cd565ac6+6300c6]
	chromedriver!GetHandleVerifier [0x7ff7cd58bcee+6562ee]
	chromedriver!GetHandleVerifier [0x7ff7ccf68ffe+335fe]
	chromedriver!GetHandleVerifier [0x7ff7ccf7147c+3ba7c]
	chromedriver!GetHandleVerifier [0x7ff7ccf54d64+1f364]
	chromedriver!GetHandleVerifier [0x7ff7ccf54ef4+1f4f4]
	chromedriver!GetHandleVerifier [0x7ff7ccf37d97+2397]
	KERNEL32!BaseThreadInitThunk [0x7ffee007e957+17]
	ntdll!RtlUserThreadStart [0x7ffee0e2ad6c+2c]
 ##########
